  400/9974
  800/9974
  1200/9974
  1600/9974
  2000/9974
  2400/9974
  2800/9974
  3200/9974
  3600/9974
  4000/9974
  4400/9974
  4800/9974
  5200/9974
  5600/9974
  6000/9974
  6400/9974
  6800/9974
  7200/9974
  7600/9974
  8000/9974
  8400/9974
  8800/9974
  9200/9974
  9600/9974

754,886 plays

  runner on FIRST reaches THIRD on a single
    0 out   0.292 +/- 0.005  n=8424     model 0.307   -0.015  (-3.1 sigma)
    1 out   0.310 +/- 0.004  n=11836    model 0.295   +0.015  (+3.5 sigma)
    2 out   0.403 +/- 0.004  n=12835    model 0.408   -0.005  (-1.1 sigma)

  runner on FIRST SCORES on a single  (the model cannot)
    0 out   0.028 +/- 0.002  n=8424  
    1 out   0.041 +/- 0.002  n=11836 
    2 out   0.070 +/- 0.002  n=12835 

  runner on SECOND scores on a single
    0 out   0.411 +/- 0.008  n=3958     model 0.411   -0.000  (-0.1 sigma)
    1 out   0.548 +/- 0.006  n=7024     model 0.542   +0.006  (+0.9 sigma)
    2 out   0.794 +/- 0.005  n=7841     model 0.796   -0.002  (-0.4 sigma)

  runner on FIRST scores on a double
    0 out   0.299 +/- 0.009  n=2735     model 0.274   +0.025  (+2.9 sigma)
    1 out   0.358 +/- 0.008  n=3912     model 0.346   +0.012  (+1.6 sigma)
    2 out   0.573 +/- 0.008  n=4187     model 0.565   +0.008  (+1.0 sigma)

  ANY runner advances on a ball-in-play out
    0 out   0.328 +/- 0.003  n=26265    model 0.300   +0.028  (+9.8 sigma)
    1 out   0.351 +/- 0.002  n=39687    model 0.450   -0.099  (-41.2 sigma)

    ... the runner on 1B, marginal
    0 out   0.232 +/- 0.003  n=20861 
    1 out   0.235 +/- 0.002  n=29069 

    ... the runner on 2B, marginal
    0 out   0.470 +/- 0.005  n=9437  
    1 out   0.456 +/- 0.004  n=17093 

    ... the runner on 3B, marginal
    0 out   0.363 +/- 0.009  n=2775  
    1 out   0.417 +/- 0.006  n=6330  

  WHAT A LEAD-RUNNER-FIRST MODEL NEEDS — base ahead already free
    ... the runner on 1B, next base empty
    0 out   0.220 +/- 0.003  n=16447 
    1 out   0.233 +/- 0.003  n=21018 

    ... the runner on 2B, next base empty
    0 out   0.479 +/- 0.006  n=7972  
    1 out   0.444 +/- 0.004  n=14197 

    ... the runner on 3B, next base empty
    0 out   0.363 +/- 0.009  n=2775  
    1 out   0.417 +/- 0.006  n=6330  

  double play per BALL-IN-PLAY OUT  (what the model rolls)
    0 out   0.218 +/- 0.003  n=26671    model 0.213   +0.005  (+1.9 sigma)
    1 out   0.232 +/- 0.002  n=37862    model 0.231   +0.002  (+0.8 sigma)

  double play per OPPORTUNITY  (what 'GIDP%' usually means)
    0 out   0.093 +/- 0.001  n=62426    model 0.213   -0.120  (-103.2 sigma)
    1 out   0.099 +/- 0.001  n=88723    model 0.231   -0.131  (-131.0 sigma)

  ASSERTED AS CERTAIN by the model — how true is it?
    third scores on a single, 0 out   0.988  n=1731
    third scores on a single, 1 out   0.992  n=4223
    third scores on a single, 2 out   0.998  n=4735
    2B scores on a double              0.984  n=5809
    3B scores on a double              1.000  n=3165
