  400/9962
  800/9962
  1200/9962
  1600/9962
  2000/9962
  2400/9962
  2800/9962
  3200/9962
  3600/9962
  4000/9962
  4400/9962
  4800/9962
  5200/9962
  5600/9962
  6000/9962
  6400/9962
  6800/9962
  7200/9962
  7600/9962
  8000/9962
  8400/9962
  8800/9962
  9200/9962
  9600/9962

753,982 plays

  runner on FIRST reaches THIRD on a single
    0 out   0.292 +/- 0.005  n=8412     model 0.307   -0.015  (-3.1 sigma)
    1 out   0.310 +/- 0.004  n=11818    model 0.295   +0.015  (+3.6 sigma)
    2 out   0.403 +/- 0.004  n=12824    model 0.408   -0.005  (-1.1 sigma)

  runner on FIRST SCORES on a single  (the model cannot)
    0 out   0.029 +/- 0.002  n=8412  
    1 out   0.041 +/- 0.002  n=11818 
    2 out   0.070 +/- 0.002  n=12824 

  runner on SECOND scores on a single
    0 out   0.411 +/- 0.008  n=3949     model 0.411   -0.000  (-0.0 sigma)
    1 out   0.548 +/- 0.006  n=7012     model 0.542   +0.006  (+0.9 sigma)
    2 out   0.794 +/- 0.005  n=7837     model 0.796   -0.002  (-0.4 sigma)

  runner on FIRST scores on a double
    0 out   0.299 +/- 0.009  n=2730     model 0.274   +0.025  (+2.8 sigma)
    1 out   0.359 +/- 0.008  n=3905     model 0.346   +0.013  (+1.7 sigma)
    2 out   0.573 +/- 0.008  n=4183     model 0.565   +0.008  (+1.1 sigma)

  ANY runner advances on a ball-in-play out
    0 out   0.328 +/- 0.003  n=26229    model 0.300   +0.028  (+9.8 sigma)
    1 out   0.351 +/- 0.002  n=39642    model 0.450   -0.099  (-41.3 sigma)

    ... the runner on 1B, marginal
    0 out   0.232 +/- 0.003  n=20830 
    1 out   0.235 +/- 0.002  n=29035 

    ... the runner on 2B, marginal
    0 out   0.470 +/- 0.005  n=9424  
    1 out   0.456 +/- 0.004  n=17073 

    ... the runner on 3B, marginal
    0 out   0.363 +/- 0.009  n=2772  
    1 out   0.417 +/- 0.006  n=6324  

  WHAT A LEAD-RUNNER-FIRST MODEL NEEDS — base ahead already free
    ... the runner on 1B, next base empty
    0 out   0.220 +/- 0.003  n=16424 
    1 out   0.233 +/- 0.003  n=20995 

    ... the runner on 2B, next base empty
    0 out   0.479 +/- 0.006  n=7960  
    1 out   0.443 +/- 0.004  n=14181 

    ... the runner on 3B, next base empty
    0 out   0.363 +/- 0.009  n=2772  
    1 out   0.417 +/- 0.006  n=6324  

  double play per BALL-IN-PLAY OUT  (what the model rolls)
    0 out   0.218 +/- 0.003  n=26633    model 0.209   +0.009  (+3.5 sigma)
    1 out   0.232 +/- 0.002  n=37816    model 0.224   +0.008  (+3.8 sigma)

  double play per OPPORTUNITY  (what 'GIDP%' usually means)
    0 out   0.093 +/- 0.001  n=62332    model 0.209   -0.116  (-99.6 sigma)
    1 out   0.099 +/- 0.001  n=88601    model 0.224   -0.125  (-124.4 sigma)

  ASSERTED AS CERTAIN by the model — how true is it?
    third scores on a single, 0 out   0.988  n=1728
    third scores on a single, 1 out   0.992  n=4216
    third scores on a single, 2 out   0.998  n=4730
    2B scores on a double              0.984  n=5801
    3B scores on a double              1.000  n=3160
