=== 1. play-by-play backfill, pass 2 (rest of 2025) ===
1869 games need play-by-play
  200/1869
  400/1869
  600/1869
  800/1869
  1000/1869
  1200/1869
  1400/1869
  1600/1869
  1800/1869
done: 1869 fetched, 0 failed, cache 477 MB
{'fetched': 1869, 'failed': 0}

=== 2. season stability gate, full 2025 vs 2026 ===
  restricted to 03-20 .. 08-25, the calendar range BOTH seasons cover
    800/4663 games
    1600/4663 games
    2400/4663 games
    3200/4663 games
    4000/4663 games

  DECISIONS BY SEASON
  season        boundary  mid-inning  bnd pull%  mid pull%  bnd share
  2025            40,279      49,601     0.0645     0.0303     0.6336
  2026            38,949      48,316     0.0656     0.0313     0.6281

  BOUNDARY HAZARD BY PITCH COUNT
  bucket           2025       n      2026       n     diff      se
  0-60           0.0076  26,009    0.0094  25,117  +0.0018  0.0008  <-
  60-70          0.0258   4,566    0.0293   4,410  +0.0034  0.0035
  70-80          0.0807   4,161    0.0726   3,978  -0.0081  0.0059
  80-90          0.2146   3,290    0.2176   3,254  +0.0030  0.0102
  90-100         0.5101   1,823    0.5031   1,801  -0.0071  0.0166
  100-999        0.7256     430    0.7455     389  +0.0199  0.0308

  MID-INNING HAZARD BY PITCH COUNT
  bucket           2025       n      2026       n     diff      se
  0-60           0.0032  33,725    0.0047  32,890  +0.0015  0.0005  <-
  60-70          0.0187   5,308    0.0201   5,183  +0.0014  0.0027
  70-80          0.0469   4,902    0.0442   4,730  -0.0027  0.0042
  80-90          0.1223   3,752    0.1126   3,624  -0.0098  0.0075
  90-100         0.2829   1,647    0.3035   1,634  +0.0206  0.0159
  100-999        0.5318     267    0.5647     255  +0.0329  0.0435
    2400/4663 games
    3200/4663 games
    4000/4663 games
    800/4663 games

  WITHIN 2026: IS THE LEASH SHORTER IN APRIL?
  window            bucket        pull%       n
  early Mar-May15   0-60         0.0102   9,134
  late Jul-Sep      0-60         0.0080   8,748
                    diff        -0.0022  se 0.0014
  early Mar-May15   60-70        0.0282   1,593
  late Jul-Sep      60-70        0.0295   1,525
                    diff        +0.0013  se 0.0060
  early Mar-May15   70-80        0.0860   1,407
  late Jul-Sep      70-80        0.0674   1,394
                    diff        -0.0186  se 0.0100
  early Mar-May15   80-90        0.2395   1,140
  late Jul-Sep      80-90        0.2155   1,132
                    diff        -0.0239  se 0.0176
  early Mar-May15   90-100       0.5000     574
  late Jul-Sep      90-100       0.5037     671
                    diff        +0.0037  se 0.0284
  early Mar-May15   100-999      0.8108     111
  late Jul-Sep      100-999      0.7133     150
                    diff        -0.0975  se 0.0524

  `<-` marks a gap over two standard errors. A season effect
  there means a pooled curve describes neither season, and the
  extra sample would be bought with bias.

=== 3. preseason rank, 2025 matched cut ===
  season 2025, cut 2025-07-01, lists: pitcherlist 2025-03-24
  158 starters with >=6 starts after 2025-07-01
  73 of them (46%) appear on a preseason list

  PRESEASON RANK vs THE LEASH RESIDUAL
  consensus rank (unranked = 115)         -0.287
  ranked at all (yes/no)                  +0.230
  rank, RANKED PITCHERS ONLY              -0.277   (n=73, selected sample)
    pitcherlist alone                     -0.277   (n=73)

  DOES IT SURVIVE HIS OWN RECENT LENGTH?
  pitching + prior outs                   +0.716   (n=131)
  + preseason rank                        +0.718   (+0.002)
  + ranked at all                         +0.716   (+0.000)

  THIN RECORD (<= 8 starts before the cut, n=41)
  preseason rank vs residual              -0.202
  ranked at all vs residual               +0.135
  pitching -> + rank                      +0.685 -> +0.708

  WHAT THE RANK ADDS, BY LENGTH OF IN-SEASON RECORD
  prior starts        n  pitching    +rank    gain    corr
  0-4                27     0.744    0.781  +0.037  -0.299
  5-8                14     0.457    0.471  +0.014  -0.040
  9-12               17     0.373    0.380  +0.008  +0.202
  13-16              27     0.827    0.829  +0.001  -0.039
  17+                73     0.707    0.744  +0.037  -0.399
  ALL               158     0.652    0.695  +0.043  -0.287

  BEST AND WORST LEASH RESIDUALS, with their March rank
  pitcher                    resid   outs   rank  prior
  Cristopher Sánchez         +2.97   20.1     37     17
  Garrett Crochet            +2.82   19.5      2     20
  Framber Valdez             +2.69   17.8     25     19
  Sandy Alcantara            +2.33   18.9     27     17
  Logan Webb                 +2.33   17.5     23     20
  Bryce Elder                +2.22   17.7      -     13
  Ranger Suarez              +2.09   17.1      -     11
  Zack Wheeler               +2.02   18.3      4     19
  ...                     
  Chad Patrick               -2.41   13.5      -     17
  Mike Burrows               -2.50   13.6      -      7
  Cade Horton                -2.54   15.6      -      9
  Kai-Wei Teng               -2.79   10.6      -      0
  Braxton Ashcraft           -3.02   13.0      -      1
  Michael Soroka             -3.07   12.0      -     13
  Shohei Ohtani              -3.41   12.7      -      3
  Drew Rasmussen             -3.58   13.4     43     19

=== 4. preseason rank, 2026 (for side-by-side) ===
  season 2026, cut 2026-07-01, lists: razzball 2026-02-16, fantasypros 2026-03-22
  121 starters with >=6 starts after 2026-07-01
  66 of them (55%) appear on a preseason list

  PRESEASON RANK vs THE LEASH RESIDUAL
  consensus rank (unranked = 115)         -0.268
  ranked at all (yes/no)                  +0.258
  rank, RANKED PITCHERS ONLY              -0.129   (n=66, selected sample)
    razzball alone                        -0.111   (n=63)
    fantasypros alone                     -0.160   (n=56)

  DOES IT SURVIVE HIS OWN RECENT LENGTH?
  pitching + prior outs                   +0.731   (n=110)
  + preseason rank                        +0.742   (+0.011)
  + ranked at all                         +0.740   (+0.009)

  THIN RECORD (<= 8 starts before the cut, n=27)
  preseason rank vs residual              -0.396
  ranked at all vs residual               +0.440
  pitching -> + rank                      +0.721 -> +0.769

  WHAT THE RANK ADDS, BY LENGTH OF IN-SEASON RECORD
  prior starts        n  pitching    +rank    gain    corr
  0-4                11     0.877    0.892  +0.015  -0.413
  5-8                16     0.677    0.711  +0.034  -0.387
  9-12               13     0.573    0.597  +0.024  -0.255
  13-16              43     0.721    0.739  +0.018  -0.188
  17+                38     0.860    0.865  +0.006  -0.112
  ALL               121     0.700    0.729  +0.029  -0.268

  BEST AND WORST LEASH RESIDUALS, with their March rank
  pitcher                    resid   outs   rank  prior
  Matthew Boyd               +2.72   19.0     52      8
  Sandy Alcantara            +2.34   20.6     42     19
  Kyle Bradish               +2.05   18.3     18     18
  Yoshinobu Yamamoto         +2.04   20.2      4     15
  Jesús Luzardo              +2.02   20.1     20     18
  Sean Manaea                +1.92   18.5     84      4
  Sonny Gray                 +1.83   18.3     30     16
  Brady Singer               +1.76   18.0      -     17
  ...                     
  Jared Jones                -2.42   14.3      -      6
  Davis Martin               -2.43   10.2      -     16
  Kyle Leahy                 -2.84   15.0      -     16
  Ranger Suarez              -2.86   12.7     48     17
  Ryan Gusto                 -2.87   12.9      -      5
  Trey Yesavage              -3.13   13.2     50     12
  Jacob Lopez                -3.30   15.0      -     11
  Shane McClanahan           -3.97   14.4     72     16

=== 5. cross-season memory ===

  CUT 2026-05-01 — rates frozen before it, starts scored after
    coverage: 995 games without memory, 1112 with, 995 in both
    memory alone makes 117 more games priceable; scoring the 995 common ones
    2026 only               1990 starts
    2026 + 2025 memory      1990 starts
    metric           2026 only     +memory     delta
    outs CRPS           2.1667      2.1769   +0.0102
    K CRPS              1.3467      1.3177   -0.0290  better
    outs corr           0.2825      0.2950   +0.0125  better
    K corr              0.3342      0.3923   +0.0581  better
    outs bias           0.8548      0.9832   +0.1284
    K bias              0.0867      0.2857   +0.1990

  CUT 2026-07-01 — rates frozen before it, starts scored after
    coverage: 520 games without memory, 530 with, 520 in both
    memory alone makes 10 more games priceable; scoring the 520 common ones
    2026 only               1040 starts
    2026 + 2025 memory      1040 starts
    metric           2026 only     +memory     delta
    outs CRPS           2.2014      2.1983   -0.0030  better
    K CRPS              1.3169      1.3021   -0.0148  better
    outs corr           0.2510      0.2427   -0.0083
    K corr              0.3912      0.4317   +0.0406  better
    outs bias           1.0025      1.0430   +0.0405
    K bias              0.2137      0.3082   +0.0945

  CRPS lower is better; corr higher is better. Bias is reported
  and NOT optimised — it is the known mean-outs defect and it
  should not decide a question about memory.

=== 6. boundary curves re-scored on the current engine ===
  LEASH OFF — no curve gets offsets fitted against it
  520 games / 1040 starts x 30 draws x 3 hooks, holdout 2026-07-01
    100/520 games
    200/520 games
    300/520 games
    400/520 games
    500/520 games

  1,040 starts scored   -> scratchpad/bnd_curves_noleash.json

  P(over) AT THE LINES — sim rate against what happened
  line       actual   legacy   linear     knee     err legacy  err linear  err knee
  12.5        0.812    0.754    0.834    0.834       -0.057    +0.022    +0.022
  14.5        0.740    0.666    0.719    0.719       -0.074    -0.021    -0.021
  15.5        0.544    0.469    0.582    0.582       -0.075    +0.037    +0.037
  16.5        0.484    0.421    0.510    0.510       -0.063    +0.026    +0.026
  17.5        0.417    0.358    0.421    0.421       -0.059    +0.004    +0.004
  18.5        0.174    0.190    0.280    0.280       +0.016    +0.106    +0.106
  20.5        0.119    0.119    0.158    0.158       +0.000    +0.039    +0.039

  BRIER PER LINE, paired on the same starts (lower is better)
  line         base   legacy   linear     knee
  12.5       0.1529   0.1618   0.1572   0.1572
  14.5       0.1922   0.2042   0.1985   0.1985
  15.5       0.2480   0.2589   0.2546   0.2546
  16.5       0.2497   0.2600   0.2554   0.2554
  17.5       0.2432   0.2521   0.2477   0.2477
  18.5       0.1437   0.1447   0.1588   0.1588
  20.5       0.1050   0.1059   0.1098   0.1098
  mean 14.5-17.5       0.2438    0.2391    0.2391
  no-skill base        0.2333   <- beat this or the per-start numbers are worse than a constant

                                legacy    linear      knee
  RMS err, 14.5-17.5            0.0681    0.0252    0.0252   <- 91.2% of the board
  RMS err, 12.5-20.5            0.0562    0.0474    0.0474

                                legacy    linear      knee    ACTUAL
  discrete CRPS                 2.2450    2.2485    2.2485
  mean outs                      15.60     16.44     16.44     15.81
  SD outs                         3.82      3.83      3.83      4.05
  boundary share                 0.649     0.484     0.484     0.671

  CRPS is the shape score and lower is better. The mean is a
  known open defect and is NOT what this ships on.

=== BATTERY COMPLETE ===
