  3278 starts, residual on outs: mean -0.23, sd 3.74

  MODEL-FREE VARIANCE COMPONENTS on the ACTUAL values  (ANOVA by pitcher)
  stat     actual sd  between sp  within sp  our within  our spread  floor ceil
  outs          4.01        1.79       3.51        3.81        1.24       0.446
  k             2.44        1.10       2.17        2.00        1.13       0.452
  h             2.24        0.66       2.13        2.05        0.58       0.294
  bb            1.31        0.39       1.25        1.27        0.44       0.296
  er            2.00        0.41       1.95        1.80        0.38       0.204
  'between sp' is the sd of TRUE per-pitcher means, sampling
  noise removed. It is a LOWER bound on real between-start
  variation (opponent, park and rest vary inside a pitcher's
  own season too). Compare 'within sp' to 'our within': if
  ours is the larger, the simulator is over-dispersed per
  start and every 'implied true' in ceiling.py is understated.
  LEAVE-ONE-OUT GROUP SIGNAL, r (and sd of the residual it removes)
  group                       outs               k               h              bb              er
  pitcher            +0.141  0.52*   -0.073 -0.15*   +0.044  0.09    -0.087 -0.11*   +0.039  0.08 
  club (manager)     +0.078  0.29*   -0.029 -0.06    +0.050  0.11    -0.027 -0.03    +0.022  0.04 
  venue              +0.006  0.02    +0.033  0.07    +0.053  0.11    +0.043  0.05    +0.022  0.04 
  * = |z| > 3

  CHRONOLOGICAL SPLIT-HALF on outs  (bullpen-role gate: +0.55..+0.78; per-club advancement FAILED at +0.11..+0.38)
  group                   n       r       z
  pitcher               107  -0.533    -6.1
  club (manager)         30   0.318     1.7
  venue                  31  -0.595    -3.6

  PER-START OBSERVABLES (correlation with the outs residual)
  feature                 n       r       z  outs gained
  is_home              3278   0.023     1.3         0.09
  night game           3256   0.016     0.9         0.06
  park runs idx        3096  -0.021    -1.2         0.08
  days rest            2411   0.015     0.7         0.05
  pen outs y'day       2679   0.039     2.0         0.15
  pen outs last 2      2173   0.025     1.2         0.09
  opp K% (model)       3278   0.055     3.1         0.21
  predicted outs       3278   0.060     3.4         0.22
  month                3278   0.036     2.0         0.13

  'outs gained' is |r| x residual sd: the sd of the part of the
  residual this feature could remove. Against ~2.7 outs of real
  between-start variation, anything under ~0.2 is not worth
  building. 'opp K% (model)' and 'predicted outs' are CONTROLS:
  they already feed the simulation, so a large value there means
  the model is mis-USING what it already has.
