counting real removals ...
simulating ...

  BOUNDARY SHARE by inning
                actual       n       sim        n      gap
    1            79.8%     129      2.6%      465   -77.3%
    2            49.2%     126     24.2%      699   -25.0%
    3            58.3%     163     37.6%    1,825   -20.6%
    4            64.1%     446     53.1%    3,289   -11.0%
    5            66.5%   1,075     67.2%    4,724    +0.7%
    6            61.5%   1,412     78.5%    4,597   +17.0%
    7            62.3%     546     82.1%    2,834   +19.9%
    8            54.1%      98     90.5%      928   +36.4%

  BOUNDARY SHARE by pitches
                actual       n       sim        n      gap
    15           63.4%     101      6.5%      200   -56.9%
    30           57.4%     101     25.3%      451   -32.1%
    45           55.4%     112     54.0%    1,208    -1.4%
    60           58.0%     412     64.5%    3,901    +6.5%
    75           62.1%   1,409     69.3%    7,141    +7.2%
    90           65.5%   1,685     71.3%    5,079    +5.8%
    105          63.0%     119     53.6%    1,302    -9.4%

  A roughly CONSTANT gap down both tables means one shared
  intercept is off. A gap that changes sign or size means the
  structure is wrong in those cells.
