  LEASH OFF — no curve gets offsets fitted against it
  520 games / 1040 starts x 30 draws x 3 hooks, holdout 2026-07-01
    100/520 games
    200/520 games
    300/520 games
    400/520 games
    500/520 games

  1,040 starts scored

  P(over) AT THE LINES — sim rate against what happened
  line       actual   legacy   linear     knee     err legacy  err linear  err knee
  12.5        0.812    0.754    0.834    0.844       -0.057    +0.022    +0.032
  14.5        0.740    0.666    0.719    0.727       -0.074    -0.021    -0.013
  15.5        0.544    0.469    0.582    0.600       -0.075    +0.037    +0.056
  16.5        0.484    0.421    0.510    0.527       -0.063    +0.026    +0.043
  17.5        0.417    0.358    0.421    0.436       -0.059    +0.004    +0.018
  18.5        0.174    0.190    0.280    0.280       +0.016    +0.106    +0.106
  20.5        0.119    0.119    0.158    0.162       +0.000    +0.039    +0.043

                                legacy    linear      knee
  RMS err, 14.5-17.5            0.0681    0.0252    0.0371   <- 91.2% of the board
  RMS err, 12.5-20.5            0.0562    0.0474    0.0529

                                legacy    linear      knee    ACTUAL
  discrete CRPS                 2.2450    2.2485    2.2528
  mean outs                      15.60     16.44     16.41     15.81
  SD outs                         3.82      3.83      4.02      4.05
  boundary share                 0.649     0.484     0.491     0.671

  CRPS is the shape score and lower is better. The mean is a
  known open defect and is NOT what this ships on.
