  2026-08-28: 7 games, 20000 sims each

  KC @ CLE    Michael Wacha / Tanner Bibee                
      total  8.76  F5  4.92  sd 4.15   ties 0.000
      ML    KC 0.408 (+145)   CLE 0.592 (-145)
      over  6.5:0.682 7.5:0.569 8.5:0.485 9.5:0.383 10.5:0.309 
      K Michael Wacha          mean  3.75  o4.5:0.325 o5.5:0.166 o6.5:0.071 o7.5:0.026 o8.5:0.008 
      K Tanner Bibee           mean  4.44  o4.5:0.466 o5.5:0.281 o6.5:0.146 o7.5:0.063 o8.5:0.024 

  SD @ TB     Casey Mize / Shane McClanahan               
      total  8.20  F5  4.59  sd 3.99   ties 0.000
      ML    SD 0.406 (+146)   TB 0.594 (-146)
      over  6.5:0.636 7.5:0.519 8.5:0.432 9.5:0.336 10.5:0.263 
      K Casey Mize             mean  3.78  o4.5:0.329 o5.5:0.170 o6.5:0.074 o7.5:0.028 o8.5:0.010 
      K Shane McClanahan       mean  4.63  o4.5:0.503 o5.5:0.318 o6.5:0.171 o7.5:0.082 o8.5:0.035 

  TEX @ MIL   Cody Bradford / Logan Henderson             
      total  8.38  F5  4.67  sd 4.07   ties 0.000
      ML    TEX 0.363 (+176)   MIL 0.637 (-176)
      over  6.5:0.647 7.5:0.535 8.5:0.448 9.5:0.348 10.5:0.278 
      K Cody Bradford          mean  3.95  o4.5:0.365 o5.5:0.202 o6.5:0.092 o7.5:0.036 o8.5:0.012 
      K Logan Henderson        mean  6.46  o4.5:0.803 o5.5:0.653 o6.5:0.482 o7.5:0.314 o8.5:0.185 

  CWS @ MIN   Luis Castillo / Dean Kremer                 
      total  9.11  F5  5.20  sd 4.28   ties 0.000
      ML    CWS 0.408 (+145)   MIN 0.592 (-145)
      over  6.5:0.712 7.5:0.602 8.5:0.515 9.5:0.413 10.5:0.338 
      K Luis Castillo          mean  4.08  o4.5:0.390 o5.5:0.223 o6.5:0.108 o7.5:0.045 o8.5:0.016 
      K Dean Kremer            mean  5.50  o4.5:0.667 o5.5:0.487 o6.5:0.315 o7.5:0.174 o8.5:0.085 

  PIT @ STL   Jared Jones / Quinn Mathews                 
      total  8.65  F5  4.94  sd 4.14   ties 0.000
      ML    PIT 0.433 (+131)   STL 0.567 (-131)
      over  6.5:0.674 7.5:0.560 8.5:0.476 9.5:0.375 10.5:0.301 
      K Jared Jones            mean  4.62  o4.5:0.510 o5.5:0.319 o6.5:0.172 o7.5:0.078 o8.5:0.032 
      K Quinn Mathews          mean  4.94  o4.5:0.569 o5.5:0.379 o6.5:0.222 o7.5:0.111 o8.5:0.047 

  PHI @ LAA   Andrew Painter / Reid Detmers               
      total  8.21  F5  4.68  sd 4.04   ties 0.000
      ML    PHI 0.409 (+144)   LAA 0.591 (-144)
      over  6.5:0.632 7.5:0.520 8.5:0.432 9.5:0.332 10.5:0.260 
      K Andrew Painter         mean  4.46  o4.5:0.469 o5.5:0.287 o6.5:0.151 o7.5:0.070 o8.5:0.026 
      K Reid Detmers           mean  5.97  o4.5:0.749 o5.5:0.577 o6.5:0.391 o7.5:0.236 o8.5:0.123 

  AZ @ SF     Kohl Drake / Blade Tidwell                  
      total  8.49  F5  4.86  sd 4.05   ties 0.000
      ML    AZ 0.437 (+129)   SF 0.563 (-129)
      over  6.5:0.663 7.5:0.547 8.5:0.460 9.5:0.357 10.5:0.285 
      K Kohl Drake             mean  4.23  o4.5:0.427 o5.5:0.245 o6.5:0.123 o7.5:0.053 o8.5:0.019 
      K Blade Tidwell          mean  4.18  o4.5:0.415 o5.5:0.232 o6.5:0.112 o7.5:0.048 o8.5:0.019 

  CAVEATS — see the operator's page in RESUME.md:
   * Full-game totals and moneylines have NEVER been scored
     against settled prices here. F5 team totals are the product.
   * July/August runs are biased LOW ~0.15-0.20 per side: the
     seasonal home-run term is measured and not shipped.
   * Lineups are PROJECTED unless a card is posted, and that is
     the weakest link in the whole path.
