  1624 paired games (3248 starts) x 200 draws
  250/1624
  500/1624
  750/1624
  1000/1624
  1250/1624
  1500/1624

  3248 starts

           actual sd  our within  implied  our spread   share  ceiling    corr  of ceil
  outs          3.99        3.85     1.04        0.60     58%    0.260   0.261     100%
  k             2.44        2.02     1.37        1.01     74%    0.561   0.494      88%
  er            2.00        1.76     0.94        0.30     32%    0.469   0.197      42%
  h             2.24        1.94     1.12        0.45     40%    0.501   0.273      54%
  bb            1.31        1.29     0.21        0.40    189%    0.161   0.344     213%
  hr            0.87        0.82     0.29        0.12     41%    0.332   0.236      71%

  'implied' is sqrt(var(actual) - mean within-start var): how
  much start-to-start variation really exists. 'our spread' is
  the sd of our per-start predicted means, 'share' the ratio.
  'ceiling' is the correlation a PERFECT forecaster would get
  (implied/actual sd); 'of ceil' is how much of it we capture.

  outs    actual mean  15.70   model  15.93   +0.23
  k       actual mean   4.86   model   4.90   +0.05
  er      actual mean   2.44   model   2.27   -0.17
  h       actual mean   4.89   model   4.81   -0.08
  bb      actual mean   1.83   model   1.86   +0.04
  hr      actual mean   0.71   model   0.73   +0.02

  TEAM TOTALS — 1624 games, both sides

            actual sd  our within  implied  our spread   share    corr    level
  F3             1.74        1.69     0.43        0.24     56%   0.187    -0.06
  F5             2.31        2.19     0.72        0.37     51%   0.219    -0.10
  F7             2.76        2.58     0.99        0.45     45%   0.209    -0.12
  full           3.17        2.90     1.28        0.60     47%   0.163    -0.26

  'level' is our mean minus the real mean, in runs per side.

  BET LEVEL — how far the number moves off the base rate

  outs   median of our per-start medians 15.5, sd 0.95, 8 distinct values
     line    base  our mean p  our sd(p)  achievable   share
     14.5   72.4%       69.2%      0.061       0.098     63%
     15.5   52.0%       50.0%      0.065       0.103     63%
     17.5   38.7%       39.8%      0.066       0.096     69%
     18.5   16.3%       22.1%      0.050       0.084     59%
     20.5   11.2%       14.6%      0.042       0.054     77%

  k   median of our per-start medians 5.0, sd 1.07, 13 distinct values
     line    base  our mean p  our sd(p)  achievable   share
      3.5   68.7%       71.5%      0.147       0.191     77%
      4.5   52.3%       54.1%      0.177       0.222     80%
      5.5   36.9%       37.1%      0.177       0.222     80%
      6.5   23.8%       22.9%      0.151       0.191     79%
      7.5   13.8%       12.8%      0.112       0.145     77%

  er   median of our per-start medians 2.0, sd 0.34, 5 distinct values
     line    base  our mean p  our sd(p)  achievable   share
      1.5   61.8%       61.1%      0.067       0.176     38%
      2.5   41.7%       39.5%      0.070       0.188     37%
      3.5   26.7%       22.6%      0.057       0.159     36%
      4.5   15.8%       11.6%      0.040       0.108     37%

  h   median of our per-start medians 5.0, sd 0.55, 7 distinct values
     line    base  our mean p  our sd(p)  achievable   share
      4.5   55.3%       54.4%      0.093       0.199     47%
      5.5   38.2%       35.1%      0.088       0.193     46%
      6.5   23.0%       19.6%      0.068       0.156     44%

  bb   median of our per-start medians 2.0, sd 0.54, 5 distinct values
     line    base  our mean p  our sd(p)  achievable   share
      1.5   56.1%       55.7%      0.118       0.118    100%
      2.5   27.2%       28.6%      0.111       0.111    100%

  hr   median of our per-start medians 1.0, sd 0.46, 3 distinct values
     line    base  our mean p  our sd(p)  achievable   share
      0.5   49.5%       52.8%      0.062       0.127     49%
      1.5   16.4%       16.2%      0.044       0.096     46%

  'our sd(p)' IS the Brier resolution term (its square).
  'achievable' adds the missing between-start spread to each
  start's own mean and re-reads the probability, so it is what
  this same simulator would produce if it differentiated starts
  as much as reality does. share < 100% is unpriced signal.

  wrote scratchpad/ceiling_rows_noleash.json (4872 rows)
