  1624 paired games (3248 starts) x 300 draws
  250/1624
  500/1624
  750/1624
  1000/1624
  1250/1624
  1500/1624

  3248 starts

           actual sd  our within  implied  our spread   share  ceiling    corr  of ceil
  outs          3.99        3.85     1.02        1.27    125%    0.255   0.440     172%
  k             2.44        2.02     1.37        1.08     79%    0.560   0.436      78%
  er            2.00        1.76     0.93        0.27     29%    0.469   0.156      33%
  h             2.24        1.94     1.12        0.50     45%    0.500   0.279      56%
  bb            1.31        1.28     0.23        0.35    151%    0.176   0.306     174%

  'implied' is sqrt(var(actual) - mean within-start var): how
  much start-to-start variation really exists. 'our spread' is
  the sd of our per-start predicted means, 'share' the ratio.
  'ceiling' is the correlation a PERFECT forecaster would get
  (implied/actual sd); 'of ceil' is how much of it we capture.

  outs    actual mean  15.70   model  15.97   +0.27
  k       actual mean   4.86   model   4.91   +0.05
  er      actual mean   2.44   model   2.24   -0.20
  h       actual mean   4.89   model   4.80   -0.09
  bb      actual mean   1.83   model   1.84   +0.02

  BET LEVEL — how far the number moves off the base rate

  outs   median of our per-start medians 16.0, sd 1.44, 17 distinct values
     line    base  our mean p  our sd(p)  achievable   share
     14.5   72.4%       68.8%      0.114       0.114    100%
     15.5   52.0%       50.3%      0.127       0.127    100%
     17.5   38.7%       40.5%      0.128       0.128    100%
     18.5   16.3%       23.4%      0.103       0.103    100%
     20.5   11.2%       16.0%      0.085       0.085    100%

  k   median of our per-start medians 5.0, sd 1.14, 14 distinct values
     line    base  our mean p  our sd(p)  achievable   share
      3.5   68.7%       71.2%      0.156       0.189     82%
      4.5   52.3%       54.1%      0.187       0.222     84%
      5.5   36.9%       37.3%      0.187       0.222     84%
      6.5   23.8%       23.4%      0.160       0.193     83%
      7.5   13.8%       13.3%      0.121       0.148     82%

  er   median of our per-start medians 2.0, sd 0.30, 5 distinct values
     line    base  our mean p  our sd(p)  achievable   share
      1.5   61.8%       60.5%      0.063       0.176     36%
      2.5   41.7%       39.0%      0.063       0.187     34%
      3.5   26.7%       22.2%      0.051       0.157     33%
      4.5   15.8%       11.4%      0.035       0.106     33%

  h   median of our per-start medians 5.0, sd 0.59, 7 distinct values
     line    base  our mean p  our sd(p)  achievable   share
      4.5   55.3%       54.1%      0.102       0.199     51%
      5.5   38.2%       35.0%      0.098       0.192     51%
      6.5   23.0%       19.5%      0.076       0.156     49%

  bb   median of our per-start medians 2.0, sd 0.51, 5 distinct values
     line    base  our mean p  our sd(p)  achievable   share
      1.5   56.1%       55.3%      0.106       0.106    100%
      2.5   27.2%       28.1%      0.097       0.097    100%

  'our sd(p)' IS the Brier resolution term (its square).
  'achievable' adds the missing between-start spread to each
  start's own mean and re-reads the probability, so it is what
  this same simulator would produce if it differentiated starts
  as much as reality does. share < 100% is unpriced signal.

  wrote scratchpad/ceiling_rows.json (3248 rows)
