  1624 paired games (3248 starts) x 200 draws
  250/1624
  500/1624
  750/1624
  1000/1624
  1250/1624
  1500/1624

  3248 starts

           actual sd  our within  implied  our spread   share  ceiling    corr  of ceil
  outs          3.99        3.85     1.04        0.58     56%    0.261   0.243      93%
  k             2.44        2.02     1.37        0.99     73%    0.561   0.491      87%
  er            2.00        1.76     0.94        0.28     30%    0.471   0.209      44%
  h             2.24        1.94     1.13        0.43     38%    0.504   0.283      56%
  bb            1.31        1.29     0.21        0.40    190%    0.160   0.348     217%

  'implied' is sqrt(var(actual) - mean within-start var): how
  much start-to-start variation really exists. 'our spread' is
  the sd of our per-start predicted means, 'share' the ratio.
  'ceiling' is the correlation a PERFECT forecaster would get
  (implied/actual sd); 'of ceil' is how much of it we capture.

  outs    actual mean  15.70   model  15.94   +0.23
  k       actual mean   4.86   model   4.90   +0.04
  er      actual mean   2.44   model   2.27   -0.18
  h       actual mean   4.89   model   4.81   -0.08
  bb      actual mean   1.83   model   1.86   +0.04

  TEAM TOTALS — 1624 games, both sides

            actual sd  our within  implied  our spread   share    corr    level
  F3             1.74        1.68     0.46        0.23     51%   0.185    -0.06
  F5             2.31        2.18     0.75        0.35     47%   0.218    -0.11
  F7             2.76        2.57     1.01        0.41     41%   0.212    -0.13
  full           3.17        2.90     1.29        0.49     38%   0.194    -0.28

  'level' is our mean minus the real mean, in runs per side.

  BET LEVEL — how far the number moves off the base rate

  outs   median of our per-start medians 15.5, sd 0.94, 8 distinct values
     line    base  our mean p  our sd(p)  achievable   share
     14.5   72.4%       69.4%      0.060       0.098     61%
     15.5   52.0%       50.1%      0.064       0.103     62%
     17.5   38.7%       39.7%      0.065       0.096     67%
     18.5   16.3%       22.0%      0.048       0.084     57%
     20.5   11.2%       14.6%      0.040       0.055     74%

  k   median of our per-start medians 5.0, sd 1.05, 14 distinct values
     line    base  our mean p  our sd(p)  achievable   share
      3.5   68.7%       71.6%      0.145       0.192     76%
      4.5   52.3%       54.2%      0.176       0.223     79%
      5.5   36.9%       37.1%      0.176       0.222     79%
      6.5   23.8%       23.0%      0.149       0.191     78%
      7.5   13.8%       12.7%      0.109       0.145     75%

  er   median of our per-start medians 2.0, sd 0.31, 5 distinct values
     line    base  our mean p  our sd(p)  achievable   share
      1.5   61.8%       61.2%      0.066       0.176     37%
      2.5   41.7%       39.5%      0.067       0.188     36%
      3.5   26.7%       22.5%      0.055       0.159     34%
      4.5   15.8%       11.5%      0.038       0.108     35%

  h   median of our per-start medians 5.0, sd 0.54, 7 distinct values
     line    base  our mean p  our sd(p)  achievable   share
      4.5   55.3%       54.4%      0.090       0.200     45%
      5.5   38.2%       35.0%      0.085       0.194     44%
      6.5   23.0%       19.4%      0.066       0.156     42%

  bb   median of our per-start medians 2.0, sd 0.54, 5 distinct values
     line    base  our mean p  our sd(p)  achievable   share
      1.5   56.1%       55.8%      0.118       0.118    100%
      2.5   27.2%       28.6%      0.112       0.112    100%

  'our sd(p)' IS the Brier resolution term (its square).
  'achievable' adds the missing between-start spread to each
  start's own mean and re-reads the probability, so it is what
  this same simulator would produce if it differentiated starts
  as much as reality does. share < 100% is unpriced signal.

  wrote scratchpad/ceiling_rows_noleash_nohr.json (4872 rows)
