  1639 paired games (3278 starts) x 40 draws
  250/1639
  500/1639
  750/1639
  1000/1639
  1250/1639
  1500/1639

  3278 starts

           actual sd  our within  implied  our spread   share  ceiling    corr  of ceil
  outs          4.01        3.80     1.26        1.25     99%    0.315   0.377     119%
  k             2.44        2.00     1.40        1.13     81%    0.572   0.493      86%
  er            2.00        1.84     0.79        0.39     50%    0.393   0.116      30%
  h             2.24        2.08     0.84        0.59     70%    0.377   0.247      65%
  bb            1.31        1.26     0.33        0.44    134%    0.252   0.331     131%
  hr            0.87        0.82     0.29        0.16     54%    0.337   0.161      48%

  'implied' is sqrt(var(actual) - mean within-start var): how
  much start-to-start variation really exists. 'our spread' is
  the sd of our per-start predicted means, 'share' the ratio.
  'ceiling' is the correlation a PERFECT forecaster would get
  (implied/actual sd); 'of ceil' is how much of it we capture.

  outs    actual mean  15.69   model  15.84   +0.15
  k       actual mean   4.85   model   4.85   -0.00
  er      actual mean   2.44   model   2.31   -0.14
  h       actual mean   4.89   model   4.89   -0.00
  bb      actual mean   1.82   model   1.89   +0.07
  hr      actual mean   0.71   model   0.72   +0.02

  TEAM TOTALS — 1639 games, both sides

            actual sd  our within  implied  our spread   share    corr    level
  F3             1.74        1.70     0.39        0.34     87%   0.142    -0.04
  F5             2.31        2.19     0.72        0.49     67%   0.159    -0.09
  F7             2.76        2.56     1.02        0.58     57%   0.157    -0.12
  full           3.17        2.89     1.32        0.72     55%   0.133    -0.28

  'level' is our mean minus the real mean, in runs per side.

  BET LEVEL — how far the number moves off the base rate

  outs   median of our per-start medians 15.5, sd 1.43, 22 distinct values
     line    base  our mean p  our sd(p)  achievable   share
     14.5   72.3%       67.5%      0.123       0.125     99%
     15.5   51.9%       50.7%      0.136       0.130    105%
     17.5   38.7%       39.4%      0.134       0.118    114%
     18.5   16.4%       21.9%      0.109       0.103    106%
     20.5   11.3%       14.7%      0.089       0.066    134%

  k   median of our per-start medians 5.0, sd 1.20, 15 distinct values
     line    base  our mean p  our sd(p)  achievable   share
      3.5   68.5%       70.3%      0.169       0.198     85%
      4.5   52.3%       53.2%      0.200       0.230     87%
      5.5   36.9%       36.7%      0.198       0.227     87%
      6.5   23.8%       22.8%      0.170       0.196     87%
      7.5   13.8%       12.8%      0.130       0.149     87%

  er   median of our per-start medians 2.0, sd 0.52, 8 distinct values
     line    base  our mean p  our sd(p)  achievable   share
      1.5   61.7%       60.3%      0.093       0.146     63%
      2.5   41.7%       40.1%      0.095       0.161     59%
      3.5   26.7%       23.9%      0.082       0.139     59%
      4.5   15.7%       12.9%      0.062       0.097     64%

  h   median of our per-start medians 5.0, sd 0.69, 9 distinct values
     line    base  our mean p  our sd(p)  achievable   share
      4.5   55.3%       54.6%      0.118       0.150     79%
      5.5   38.3%       36.8%      0.115       0.149     77%
      6.5   22.9%       22.1%      0.095       0.123     77%

  bb   median of our per-start medians 2.0, sd 0.56, 8 distinct values
     line    base  our mean p  our sd(p)  achievable   share
      1.5   56.1%       57.2%      0.137       0.137    100%
      2.5   27.1%       29.1%      0.132       0.132    100%

  hr   median of our per-start medians 1.0, sd 0.46, 3 distinct values
     line    base  our mean p  our sd(p)  achievable   share
      0.5   49.5%       52.2%      0.091       0.131     69%
      1.5   16.4%       16.2%      0.066       0.104     64%

  'our sd(p)' IS the Brier resolution term (its square).
  'achievable' adds the missing between-start spread to each
  start's own mean and re-reads the probability, so it is what
  this same simulator would produce if it differentiated starts
  as much as reality does. share < 100% is unpriced signal.

  wrote scratchpad/ceiling_rows.json (4917 rows)
