  531 paired games (1062 starts) x 40 draws
  250/531
  500/531

  1062 starts

           actual sd  our within  implied  our spread   share  ceiling    corr  of ceil
  outs          4.03        3.83     1.25        1.26    100%    0.311   0.315     101%
  k             2.49        2.03     1.45        1.06     74%    0.581   0.434      75%
  er            1.94        1.85     0.61        0.38     63%    0.312   0.022       7%
  h             2.23        2.09     0.76        0.59     77%    0.343   0.205      60%
  bb            1.30        1.25     0.36        0.42    117%    0.275   0.151      55%
  hr            0.85        0.82     0.22        0.15     67%    0.262   0.029      11%

  'implied' is sqrt(var(actual) - mean within-start var): how
  much start-to-start variation really exists. 'our spread' is
  the sd of our per-start predicted means, 'share' the ratio.
  'ceiling' is the correlation a PERFECT forecaster would get
  (implied/actual sd); 'of ceil' is how much of it we capture.

  outs    actual mean  15.82   model  15.90   +0.08
  k       actual mean   4.84   model   4.86   +0.02
  er      actual mean   2.43   model   2.32   -0.11
  h       actual mean   4.94   model   4.89   -0.05
  bb      actual mean   1.80   model   1.84   +0.04
  hr      actual mean   0.72   model   0.72   +0.00

  TEAM TOTALS — 531 games, both sides

            actual sd  our within  implied  our spread   share    corr    level
  F3             1.72        1.71     0.15        0.34    221%   0.096    -0.03
  F5             2.31        2.20     0.69        0.48     69%   0.073    -0.02
  F7             2.75        2.59     0.91        0.58     64%   0.072    -0.04
  full           3.22        2.92     1.37        0.73     54%   0.053    -0.13

  'level' is our mean minus the real mean, in runs per side.

  BET LEVEL — how far the number moves off the base rate

  outs   median of our per-start medians 16.0, sd 1.44, 21 distinct values
     line    base  our mean p  our sd(p)  achievable   share
     14.5   74.1%       67.8%      0.121       0.121    100%
     15.5   54.6%       51.4%      0.136       0.136    100%
     17.5   41.7%       39.9%      0.132       0.132    100%
     18.5   17.3%       22.5%      0.110       0.110    100%
     20.5   12.0%       15.2%      0.092       0.092    100%

  k   median of our per-start medians 5.0, sd 1.15, 15 distinct values
     line    base  our mean p  our sd(p)  achievable   share
      3.5   67.8%       70.5%      0.164       0.204     80%
      4.5   51.8%       53.5%      0.193       0.234     82%
      5.5   36.5%       37.0%      0.189       0.231     82%
      6.5   23.5%       22.8%      0.160       0.199     80%
      7.5   13.7%       12.8%      0.120       0.152     79%

  er   median of our per-start medians 2.0, sd 0.50, 6 distinct values
     line    base  our mean p  our sd(p)  achievable   share
      1.5   62.3%       60.9%      0.090       0.112     80%
      2.5   42.0%       40.7%      0.092       0.128     72%
      3.5   25.1%       24.4%      0.081       0.114     71%
      4.5   15.4%       13.1%      0.061       0.080     77%

  h   median of our per-start medians 5.0, sd 0.71, 9 distinct values
     line    base  our mean p  our sd(p)  achievable   share
      4.5   55.5%       54.6%      0.116       0.136     85%
      5.5   40.0%       37.4%      0.113       0.136     83%
      6.5   23.4%       22.4%      0.096       0.113     85%

  bb   median of our per-start medians 2.0, sd 0.54, 6 distinct values
     line    base  our mean p  our sd(p)  achievable   share
      1.5   55.3%       55.8%      0.134       0.134    100%
      2.5   25.0%       28.1%      0.122       0.122    100%

  hr   median of our per-start medians 1.0, sd 0.46, 3 distinct values
     line    base  our mean p  our sd(p)  achievable   share
      0.5   51.9%       52.1%      0.085       0.099     86%
      1.5   15.7%       16.3%      0.063       0.086     73%

  'our sd(p)' IS the Brier resolution term (its square).
  'achievable' adds the missing between-start spread to each
  start's own mean and re-reads the probability, so it is what
  this same simulator would produce if it differentiated starts
  as much as reality does. share < 100% is unpriced signal.

  wrote scratchpad/ceiling_holdout.json (1593 rows)
