  1125 starts x 300 draws
  500/1125
  1000/1125

  1125 starts

           actual sd  our within  implied  our spread   share  ceiling    corr  of ceil
  outs          4.04        3.83     1.28        1.29    101%    0.318   0.226      71%
  k             2.51        2.02     1.49        1.02     69%    0.592   0.408      69%
  er            1.94        1.78     0.77        0.28     37%    0.396   0.063      16%
  h             2.22        1.96     1.04        0.51     49%    0.467   0.235      50%
  bb            1.29        1.28     0.10        0.34    340%    0.079   0.147     187%

  'implied' is sqrt(var(actual) - mean within-start var): how
  much start-to-start variation really exists. 'our spread' is
  the sd of our per-start predicted means, 'share' the ratio.
  'ceiling' is the correlation a PERFECT forecaster would get
  (implied/actual sd); 'of ceil' is how much of it we capture.

  outs    actual mean  15.80   model  16.08   +0.28
  k       actual mean   4.85   model   4.94   +0.10
  er      actual mean   2.44   model   2.36   -0.07
  h       actual mean   4.94   model   4.78   -0.15
  bb      actual mean   1.81   model   1.85   +0.04

  BET LEVEL — how far the number moves off the base rate

  outs   median of our per-start medians 16.0, sd 1.46, 17 distinct values
     line    base  our mean p  our sd(p)  achievable   share
     14.5   73.4%       69.5%      0.113       0.113    100%
     15.5   54.0%       51.5%      0.127       0.127    100%
     17.5   41.6%       41.5%      0.130       0.130    100%
     18.5   17.3%       24.1%      0.108       0.108    100%
     20.5   12.1%       16.4%      0.091       0.091    100%

  k   median of our per-start medians 5.0, sd 1.07, 12 distinct values
     line    base  our mean p  our sd(p)  achievable   share
      3.5   67.8%       72.2%      0.148       0.205     72%
      4.5   51.7%       54.8%      0.177       0.236     75%
      5.5   36.6%       37.8%      0.177       0.235     75%
      6.5   23.4%       23.6%      0.153       0.205     75%
      7.5   14.0%       13.3%      0.113       0.158     72%

  er   median of our per-start medians 2.0, sd 0.31, 5 distinct values
     line    base  our mean p  our sd(p)  achievable   share
      1.5   62.3%       63.1%      0.060       0.143     42%
      2.5   42.2%       41.7%      0.064       0.158     41%
      3.5   25.0%       24.4%      0.055       0.136     41%
      4.5   15.6%       12.7%      0.038       0.092     42%

  h   median of our per-start medians 5.0, sd 0.62, 6 distinct values
     line    base  our mean p  our sd(p)  achievable   share
      4.5   55.3%       53.7%      0.103       0.185     55%
      5.5   39.2%       34.9%      0.096       0.179     54%
      6.5   23.6%       19.7%      0.076       0.143     53%

  bb   median of our per-start medians 2.0, sd 0.50, 5 distinct values
     line    base  our mean p  our sd(p)  achievable   share
      1.5   55.3%       55.3%      0.103       0.103    100%
      2.5   25.4%       28.3%      0.098       0.098    100%

  'our sd(p)' IS the Brier resolution term (its square).
  'achievable' adds the missing between-start spread to each
  start's own mean and re-reads the probability, so it is what
  this same simulator would produce if it differentiated starts
  as much as reality does. share < 100% is unpriced signal.

  wrote scratchpad/ceiling_holdout.json (1125 rows)
