500 games x 300 draws
  100 games
  200 games
  300 games
  400 games
  500 games

  F3 TOTAL RUNS — 500 games
    where the actual landed in the predicted distribution
      0.0-0.1    60   12.0%  #################
      0.1-0.2    23    4.6%  ######
      0.2-0.3    67   13.4%  ###################
      0.3-0.4    40    8.0%  ###########
      0.4-0.5    68   13.6%  ###################
      0.5-0.6    44    8.8%  ############
      0.6-0.7    52   10.4%  ###############
      0.7-0.8    41    8.2%  ###########
      0.8-0.9    61   12.2%  #################
      0.9-1.0    43    8.6%  ############
    middle half 0.25-0.75: 54.6%   (uniform = 50.0%)
    outer tenths:          20.8%   (uniform = 20.0%)
    -> about right
    sim per-game sd 2.34   actual across games sd 2.37   (the second MUST be larger)

  F5 TOTAL RUNS — 500 games
    where the actual landed in the predicted distribution
      0.0-0.1    39    7.8%  ###########
      0.1-0.2    46    9.2%  #############
      0.2-0.3    57   11.4%  ################
      0.3-0.4    55   11.0%  ###############
      0.4-0.5    61   12.2%  #################
      0.5-0.6    45    9.0%  #############
      0.6-0.7    42    8.4%  ############
      0.7-0.8    47    9.4%  #############
      0.8-0.9    55   11.0%  ###############
      0.9-1.0    50   10.0%  ##############
    middle half 0.25-0.75: 50.2%   (uniform = 50.0%)
    outer tenths:          18.4%   (uniform = 20.0%)
    -> about right
    sim per-game sd 3.05   actual across games sd 3.15   (the second MUST be larger)

  F7 TOTAL RUNS — 500 games
    where the actual landed in the predicted distribution
      0.0-0.1    42    8.4%  ############
      0.1-0.2    55   11.0%  ###############
      0.2-0.3    42    8.4%  ############
      0.3-0.4    56   11.2%  ################
      0.4-0.5    51   10.2%  ##############
      0.5-0.6    36    7.2%  ##########
      0.6-0.7    53   10.6%  ###############
      0.7-0.8    53   10.6%  ###############
      0.8-0.9    49    9.8%  ##############
      0.9-1.0    61   12.2%  #################
    middle half 0.25-0.75: 47.8%   (uniform = 50.0%)
    outer tenths:          21.0%   (uniform = 20.0%)
    -> about right
    sim per-game sd 3.61   actual across games sd 3.67   (the second MUST be larger)
