  500 games, 1,000 starts
  1000 games, 2,000 starts
  1500 games, 3,000 starts
  2000 games, 4,000 starts

4,012 starts, 367 starters
3,268 (first pass -> rest of start) pairs

  DOES THE FIRST PASS PREDICT THE REST OF THE SAME START?
    predictor -> target                             r   sigma
    1st-pass OUT RATE -> rest OUT RATE        +0.0019    +0.1
    1st-pass OUT RATE -> rest BB%             +0.0142    +0.8
    1st-pass OUT RATE -> rest K%              +0.0073    +0.4
    1st-pass OUT RATE -> rest BABIP           -0.0097    -0.6

    1st-pass BB% -> rest OUT RATE             +0.0204    +1.2
    1st-pass BB% -> rest BB%                  +0.0014    +0.1
    1st-pass BB% -> rest K%                   -0.0018    -0.1
    1st-pass BB% -> rest BABIP                -0.0207    -1.2

    1st-pass K% -> rest OUT RATE              +0.0302    +1.7
    1st-pass K% -> rest BB%                   +0.0002    +0.0
    1st-pass K% -> rest K%                    +0.1114    +6.4
    1st-pass K% -> rest BABIP                 +0.0013    +0.1

  slope: one sd of 1st-pass out-rate residual (0.1524/BF) implies 0.0002/BF
  for the rest of the start — about 0.00 outs over the next 18 batters.
