322,205 starter decisions, 2023-04-07 to 2026-08-27
  73,637 boundary (0.1149 pulled)   248,568 mid-inning (0.0242 pulled)
  margin sd 2.34, |margin| mean 1.55

==================================================================
BOUNDARY
==================================================================

  POWER — BOUNDARY signed margin
    margin        se 0.00665   resolves 0.01994 log-odds/run at 3 sigma

  POWER — BOUNDARY |margin|
    abs_margin    se 0.00772   resolves 0.02317 log-odds/run at 3 sigma

  POSITIVE CONTROLS
    signed margin x0.05: injected +0.0500  recovered +0.05022 +/- 0.00656  (SEEN)
    |margin| x0.05: injected +0.0500  recovered +0.04691 +/- 0.00759  (SEEN)

  BOUNDARY + signed margin
    n 73,637   pulls 8,463   base rate 0.1149
    feature              coef        se       z
    pitches          +0.09507   0.00190   +50.1
    runs             +0.14641   0.01399   +10.5
    br               +0.07971   0.00992    +8.0
    inning           +0.33626   0.02089   +16.1
    margin           +0.00479   0.00664    +0.7  <--
    intercept       -11.04556   0.10898

  BOUNDARY + |margin|
    n 73,637   pulls 8,463   base rate 0.1149
    feature              coef        se       z
    pitches          +0.09507   0.00190   +50.2
    runs             +0.13781   0.01236   +11.1
    br               +0.07997   0.00992    +8.1
    inning           +0.33579   0.02074   +16.2
    abs_margin       +0.01193   0.00770    +1.5  <--
    intercept       -11.05399   0.10907

  BOUNDARY + both
    n 73,637   pulls 8,463   base rate 0.1149
    feature              coef        se       z
    pitches          +0.09508   0.00190   +50.1
    runs             +0.13560   0.01602    +8.5
    br               +0.08000   0.00992    +8.1
    inning           +0.33632   0.02089   +16.1
    margin           -0.00177   0.00815    -0.2  <--
    abs_margin       +0.01313   0.00946    +1.4  <--
    intercept       -11.05531   0.10925

  --- BOUNDARY: CONTROLLED for game progress (bf, tto, damage) ---

  BOUNDARY + |margin|, controlled
    n 73,637   pulls 8,463   base rate 0.1149
    feature              coef        se       z
    pitches          +0.09819   0.00201   +48.8
    runs             +0.10981   0.01597    +6.9
    br               +0.06572   0.02274    +2.9
    inning           +0.44376   0.06317    +7.0
    bf               -0.00740   0.02252    -0.3
    tto              -0.41805   0.05552    -7.5
    damage           +0.04971   0.01221    +4.1
    abs_margin       +0.01267   0.00775    +1.6  <--
    intercept       -10.80287   0.11286

  BOUNDARY + both, controlled
    n 73,637   pulls 8,463   base rate 0.1149
    feature              coef        se       z
    pitches          +0.09820   0.00201   +48.8
    runs             +0.10673   0.01931    +5.5
    br               +0.06549   0.02275    +2.9
    inning           +0.44409   0.06318    +7.0
    bf               -0.00730   0.02253    -0.3
    tto              -0.41782   0.05553    -7.5
    damage           +0.04990   0.01223    +4.1
    margin           -0.00234   0.00822    -0.3  <--
    abs_margin       +0.01425   0.00954    +1.5  <--
    intercept       -10.80477   0.11306

  --- BOUNDARY: PER SEASON, controlled ---
    2023  n  14,594  abs_margin  +0.04479 +/- 0.01770  z  +2.5
    2024  n  18,735  abs_margin  +0.02069 +/- 0.01508  z  +1.4
    2025  n  21,808  abs_margin  -0.01238 +/- 0.01446  z  -0.9
    2026  n  18,500  abs_margin  +0.00818 +/- 0.01554  z  +0.5

==================================================================
MID-INNING
==================================================================

  POWER — MID-INNING signed margin
    margin        se 0.00607   resolves 0.01821 log-odds/run at 3 sigma

  POWER — MID-INNING |margin|
    abs_margin    se 0.00735   resolves 0.02205 log-odds/run at 3 sigma

  POSITIVE CONTROLS
    signed margin x0.05: injected +0.0500  recovered +0.05404 +/- 0.00570  (SEEN)
    |margin| x0.05: injected +0.0500  recovered +0.05790 +/- 0.00665  (SEEN)

  MID-INNING + signed margin
    n 248,568   pulls 6,018   base rate 0.0242
    feature              coef        se       z
    pitches          +0.08951   0.00107   +83.9
    inn_br           +0.46821   0.01297   +36.1
    runs             +0.14392   0.01081   +13.3
    onbase           +0.38593   0.01973   +19.6
    margin           -0.00566   0.00611    -0.9  <--
    intercept       -11.24006   0.09460

  MID-INNING + |margin|
    n 248,568   pulls 6,018   base rate 0.0242
    feature              coef        se       z
    pitches          +0.09011   0.00106   +85.3
    inn_br           +0.47514   0.01301   +36.5
    runs             +0.17412   0.00889   +19.6
    onbase           +0.37892   0.01976   +19.2
    abs_margin       -0.07329   0.00792    -9.3  <--
    intercept       -11.19237   0.09471

  MID-INNING + both
    n 248,568   pulls 6,018   base rate 0.0242
    feature              coef        se       z
    pitches          +0.08958   0.00107   +83.8
    inn_br           +0.47741   0.01304   +36.6
    runs             +0.20123   0.01207   +16.7
    onbase           +0.37898   0.01976   +19.2
    margin           +0.02256   0.00685    +3.3  <--
    abs_margin       -0.08374   0.00845    -9.9  <--
    intercept       -11.19260   0.09475

  --- MID-INNING: CONTROLLED for game progress (inning, outs_before, bf) ---

  MID-INNING + |margin|, controlled
    n 248,568   pulls 6,018   base rate 0.0242
    feature              coef        se       z
    pitches          +0.07491   0.00182   +41.2
    inn_br           +0.50909   0.01372   +37.1
    runs             +0.20931   0.01210   +17.3
    onbase           +0.39484   0.02020   +19.5
    inning           +0.22076   0.03050    +7.2
    outs_before      +0.00866   0.02165    +0.4
    bf               +0.01075   0.01050    +1.0
    abs_margin       -0.08240   0.00792   -10.4  <--
    intercept       -11.51020   0.10054

  MID-INNING + both, controlled
    n 248,568   pulls 6,018   base rate 0.0242
    feature              coef        se       z
    pitches          +0.07488   0.00182   +41.2
    inn_br           +0.50975   0.01373   +37.1
    runs             +0.22305   0.01446   +15.4
    onbase           +0.39464   0.02020   +19.5
    inning           +0.21728   0.03056    +7.1
    outs_before      +0.00841   0.02166    +0.4
    bf               +0.01055   0.01050    +1.0
    margin           +0.01194   0.00692    +1.7  <--
    abs_margin       -0.08778   0.00847   -10.4  <--
    intercept       -11.50534   0.10058

  --- MID-INNING: PER SEASON, controlled ---
    2023  n  49,107  abs_margin  -0.08868 +/- 0.01950  z  -4.5
    2024  n  62,963  abs_margin  -0.07342 +/- 0.01550  z  -4.7
    2025  n  73,550  abs_margin  -0.08371 +/- 0.01430  z  -5.9
    2026  n  62,948  abs_margin  -0.09504 +/- 0.01553  z  -6.1
