  250 games, 630 inherited runners
  500 games, 1,306 inherited runners
  750 games, 1,973 inherited runners
  1000 games, 2,648 inherited runners
  1250 games, 3,323 inherited runners
  1500 games, 4,020 inherited runners
  1750 games, 4,716 inherited runners
  2000 games, 5,489 inherited runners

2,006 games, 5,507 inherited runners
  overall 0.312   against the shipped flat 0.330

  BY BASE — one constant cannot be right for all three
    1B  0.220   n=2,650
    2B  0.355   n=1,793
    3B  0.466   n=1,064

  BY OUTS AT HANDOVER
    0 out  0.537   n=831
    1 out  0.395   n=2,052
    2 out  0.175   n=2,624

  THE CELL THE SIMULATOR ACTUALLY NEEDS (base x outs)
              0 out     1 out     2 out
    1B        0.396     0.267     0.127
    2B        0.628     0.428     0.215
    3B        0.771     0.633     0.229
