    2024-07-01: 1,898 starts
    2025-07-01: 1,853 starts
    2026-07-01: 1,062 starts

  4,813 holdout starts, rates frozen before 2026-07-01
  batters faced: mean 22.4, median 23
  model mean K 4.813  actual mean K 4.936
  555 pitchers with 2+ starts, 4777 starts used

  POSITIVE CONTROL — the estimator against known sigmas
      injected  recovered sig2  recovered sigma     S/V
          0.00        -0.00167          -0.0409  0.9888
          0.10         0.00486           0.0697  1.0325
          0.20         0.03622           0.1903  1.2426
          0.30         0.09534           0.3088  1.6386
    THE ZERO ROW IS THE BIAS: the estimator returns sig2 -0.00167 on a
    league that has NO dispersion, so that much is subtracted below. It is
    the state-blind approximation declared in the docstring, showing up as
    residual the model cannot account for.

  THE MEASUREMENT, BIAS-CORRECTED
    raw sig2          +0.02203   (sigma +0.1484)
    minus bias        -0.00167
    COUNTED sig2      +0.02369   => SIGMA +0.1539
    95% CI on sig2    [+0.01615, +0.03119]   => sigma [+0.1271, +0.1766]
    sd 0.00384  ->  +6.2 sigma from zero
    555 pitcher-windows with 2+ starts, 4,777 starts used

  CALIBRATED AGAINST THE CONTROL CURVE
    injected sig2 -> recovered sig2: 0.0000->0.0000, 0.0100->0.0065, 0.0400->0.0379, 0.0900->0.0970
    counted +0.02369 inverts to TRUE sig2 0.02642  =>  SIGMA 0.1625

  AGAINST THE TUNED VALUE. 0.20 means sig2 0.04000; this counts 0.02642 calibrated (+0.02369 raw).
  Raw is +4.2 sd from the tuned value, so 0.20 is NOT supported.
  THE HONEST STATEMENT: the league carries real per-start strikeout
  dispersion, and it is roughly 0.16 — smaller than the 0.20 that made
  the K distribution land on target. So sharpness is REAL and PARTIAL.
