250 games since 2026-07-01, n_sims=80

  simulated all off (pre-day-five)
  simulated + relief length
  simulated + mid-inning hook
  simulated + inherited by base/out

== signed error (sim - actual), runs. Negative = too few. ==
  state                             F1        F3        F5        F7
  all off (pre-day-five)        +0.067    +0.017    -0.124    -0.159
  + relief length               +0.068    +0.020    -0.114    -0.175
  + mid-inning hook             +0.069    +0.014    -0.139    -0.190
  + inherited by base/out       +0.069    +0.014    -0.139    -0.190

== PAIRED change vs 'all off (pre-day-five)', per game, same seeds ==
   negative = the error moved toward zero, i.e. better
  + relief length
    F1   |err| +0.0005 +/- 0.0006 (+0.8 sigma)   signed shift +0.0011
    F3   |err| -0.0004 +/- 0.0033 (-0.1 sigma)   signed shift +0.0026
    F5   |err| -0.0058 +/- 0.0092 (-0.6 sigma)   signed shift +0.0097
    F7   |err| +0.0069 +/- 0.0185 (+0.4 sigma)   signed shift -0.0166
  + mid-inning hook
    F1   |err| -0.0006 +/- 0.0009 (-0.7 sigma)   signed shift +0.0016
    F3   |err| -0.0017 +/- 0.0036 (-0.5 sigma)   signed shift -0.0035
    F5   |err| -0.0050 +/- 0.0102 (-0.5 sigma)   signed shift -0.0148
    F7   |err| -0.0242 +/- 0.0196 (-1.2 sigma)   signed shift -0.0313
  + inherited by base/out
    F1   |err| -0.0006 +/- 0.0009 (-0.7 sigma)   signed shift +0.0016
    F3   |err| -0.0017 +/- 0.0036 (-0.5 sigma)   signed shift -0.0035
    F5   |err| -0.0050 +/- 0.0102 (-0.5 sigma)   signed shift -0.0148
    F7   |err| -0.0242 +/- 0.0196 (-1.2 sigma)   signed shift -0.0313

  F1 must read exactly 0.0000 — the ladder is seeded per
  (game, draw) so a bullpen flag cannot reach it. Anything else
  means the seeding regressed and the rest is uninterpretable.
