2024 done:
{'ok': 235, 'failed': 0}
2023 done:
{'ok': 235, 'failed': 0}
=== play-by-play for both ===
5299 games need play-by-play
  200/5299
  400/5299
  600/5299
  800/5299
  1000/5299
  1200/5299
  1400/5299
  1600/5299
  1800/5299
  2000/5299
  2200/5299
  2400/5299
  2600/5299
  2800/5299
  3000/5299
  3200/5299
  3400/5299
  3600/5299
  3800/5299
  4000/5299
  4200/5299
  4400/5299
  4600/5299
  4800/5299
  5000/5299
  5200/5299
done: 5299 fetched, 0 failed, cache 1008 MB
{'fetched': 5299, 'failed': 0}
=== real pitch counts ===
5301 games need pitch counts
  100/5301
  200/5301
  300/5301
  400/5301
  500/5301
  600/5301
  700/5301
  800/5301
  900/5301
  1000/5301
  1100/5301
  1200/5301
  1300/5301
  1400/5301
  1500/5301
  1600/5301
  1700/5301
  1800/5301
  1900/5301
  2000/5301
  2100/5301
  2200/5301
  2300/5301
  2400/5301
  2500/5301
  2600/5301
  2700/5301
  2800/5301
  2900/5301
  3000/5301
  3100/5301
  3200/5301
  3300/5301
  3400/5301
  3500/5301
  3600/5301
  3700/5301
  3800/5301
  3900/5301
  4000/5301
  4100/5301
  4200/5301
  4300/5301
  4400/5301
  4500/5301
  4600/5301
  4700/5301
  4800/5301
  4900/5301
  5000/5301
  5100/5301
  5200/5301
  5300/5301
done: 5301 games, 46185 rows, 0 failed
{'games': 5301, 'rows': 46185, 'failed': 0}
=== HISTORY LOAD COMPLETE ===
