
  CUT 2026-05-01 — rates frozen before it, starts scored after
    coverage: none 995, pool 1130, prior 995, scoring the 995 in all three
    none                    1990 starts
    pool                    1990 starts
    prior                   1990 starts
    metric                none        pool       prior  prior-none
    outs CRPS           2.1667      2.1787      2.1799     +0.0132
    K CRPS              1.3467      1.3089      1.3195     -0.0272  better
    outs corr           0.2825      0.3081      0.2837     +0.0012  better
    K corr              0.3342      0.3956      0.3843     +0.0501  better
    outs bias           0.8548      0.9422      0.9161     +0.0613
    K bias              0.0867      0.2643      0.1360     +0.0493

  CUT 2026-07-01 — rates frozen before it, starts scored after
    coverage: none 520, pool 535, prior 520, scoring the 520 in all three
    none                    1040 starts
    pool                    1040 starts
    prior                   1040 starts
    metric                none        pool       prior  prior-none
    outs CRPS           2.2014      2.2245      2.2138     +0.0125
    K CRPS              1.3169      1.3098      1.3075     -0.0095  better
    outs corr           0.2510      0.2398      0.2423     -0.0088
    K corr              0.3912      0.4203      0.4114     +0.0203  better
    outs bias           1.0025      1.0752      1.0212     +0.0187
    K bias              0.2137      0.3061      0.2391     +0.0254

  CRPS lower is better; corr higher is better. Bias is reported
  and NOT optimised — it is the known mean-outs defect and it
  should not decide a question about memory.
