
  CUT 2026-05-01 — rates frozen before it, starts scored after
    coverage: none 995, pool 1145, prior 995, prior3 995, scoring the 995 in all three
    none                    2985 starts
    pool                    2985 starts
    prior                   2985 starts
    prior3                  2985 starts
    TOTALS                none        pool       prior      prior3
    game RMSE            4.674       4.757       4.762       4.760
    F5 RMSE              3.344       3.394       3.406       3.395
    game bias           -0.570      -0.371      -0.564      -0.515
    F5 bias             -0.210      -0.174      -0.222      -0.187
    metric                none        pool       prior      prior3  prior3-prior
    outs CRPS           2.3567      2.4089      2.3894      2.3659       -0.0235  better
    K CRPS              1.4544      1.4373      1.4367      1.4326       -0.0040  better
    outs corr           0.2099      0.1855      0.1928      0.1913       -0.0014
    K corr              0.2714      0.3102      0.3240      0.3119       -0.0121
    outs bias           0.8487      0.9437      0.9062      0.8637       -0.0425
    K bias              0.0899      0.3204      0.1463      0.1337       -0.0126

  CUT 2026-07-01 — rates frozen before it, starts scored after
    coverage: none 520, pool 539, prior 520, prior3 520, scoring the 520 in all three
    none                    1560 starts
    pool                    1560 starts
    prior                   1560 starts
    prior3                  1560 starts
    TOTALS                none        pool       prior      prior3
    game RMSE            4.634       4.695       4.627       4.577
    F5 RMSE              3.402       3.442       3.453       3.449
    game bias           -0.372      -0.404      -0.486      -0.419
    F5 bias             -0.088      -0.208      -0.158      -0.107
    metric                none        pool       prior      prior3  prior3-prior
    outs CRPS           2.3830      2.3466      2.4297      2.4233       -0.0063  better
    K CRPS              1.4065      1.4321      1.4137      1.4208       +0.0071
    outs corr           0.1936      0.2184      0.1630      0.1612       -0.0018
    K corr              0.3475      0.3287      0.3579      0.3483       -0.0096
    outs bias           0.9609      0.9886      1.0286      0.9760       -0.0526
    K bias              0.2013      0.3315      0.2445      0.2520       +0.0076

  CRPS lower is better; corr higher is better. Bias is reported
  and NOT optimised — it is the known mean-outs defect and it
  should not decide a question about memory.
