  BATTER CONSTANTS at the currently measured 51/122/193/250
  HOLDOUT: rates before 2026-07-01, scored on games from 2026-07-01
  531 games x 40 sims

  9,520 simulated batter-games, 9,369 matched to a boxscore line (98%)

  A. LEVEL BY LINEUP SLOT — the batting-order machine.
   slot       n   pred r   act r    diff  pred rbi  act rbi    diff
      1   1,051    0.583   0.578  +0.005     0.449    0.452  -0.003
      2   1,044    0.552   0.528  +0.025     0.491    0.466  +0.026
      3   1,062    0.506   0.515  -0.009     0.524    0.493  +0.031
      4   1,057    0.493   0.481  +0.012     0.555    0.542  +0.013
      5   1,042    0.464   0.470  -0.006     0.485    0.494  -0.009
      6   1,033    0.442   0.412  +0.029     0.447    0.399  +0.048
      7   1,017    0.428   0.414  +0.014     0.442    0.407  +0.035
      8   1,038    0.415   0.378  +0.038     0.422    0.394  +0.028
      9   1,025    0.407   0.375  +0.033     0.394    0.310  +0.084

  B. DIFFERENTIATION — regress ACTUAL on PREDICTED.
  slope 1.0 = the spread across hitters is right;
  above 1 = the model bunches them toward a common bat.

  unit            stat        n  sd(pred)   MC sd   raw b  TRUE b  z vs 1
  batter-game     r       9,369    0.1375  0.1042   0.319   0.748    -2.1
  batter-game     rbi     9,369    0.1611  0.1340   0.238   0.775    -1.3
  player (20+ g)  r         238    0.0669  0.0196   0.746   0.816    -1.3
  player (20+ g)  rbi       238    0.0694  0.0252   0.771   0.888    -0.6
