  HOLDOUT: rates before 2026-07-01, scored on games from 2026-07-01
  531 games x 40 sims

  9,520 simulated batter-games, 9,369 matched to a boxscore line (98%)

  A. LEVEL BY LINEUP SLOT — the batting-order machine.
   slot       n   pred r   act r    diff  pred rbi  act rbi    diff
      1   1,051    0.581   0.578  +0.003     0.448    0.452  -0.004
      2   1,044    0.560   0.528  +0.032     0.492    0.466  +0.026
      3   1,062    0.503   0.515  -0.012     0.524    0.493  +0.031
      4   1,057    0.495   0.481  +0.015     0.556    0.542  +0.014
      5   1,042    0.462   0.470  -0.008     0.495    0.494  +0.001
      6   1,033    0.446   0.412  +0.034     0.447    0.399  +0.049
      7   1,017    0.431   0.414  +0.018     0.440    0.407  +0.033
      8   1,038    0.418   0.378  +0.040     0.422    0.394  +0.028
      9   1,025    0.402   0.375  +0.028     0.397    0.310  +0.087

  B. DIFFERENTIATION — regress ACTUAL on PREDICTED.
  slope 1.0 = the spread across hitters is right;
  above 1 = the model bunches them toward a common bat.

  unit            stat        n  sd(pred)   MC sd   raw b  TRUE b  z vs 1
  batter-game     r       9,369    0.1393  0.1043   0.290   0.659    -3.0
  batter-game     rbi     9,369    0.1643  0.1348   0.200   0.611    -2.4
  player (20+ g)  r         238    0.0690  0.0196   0.671   0.730    -1.9
  player (20+ g)  rbi       238    0.0733  0.0254   0.724   0.823    -1.0

  C. CONCENTRATION — 42,480 simulated team-games against 1,062 real ones.
  The team total is scored elsewhere; this asks whether the runs
  land on the same NUMBER of hitters.

  quantity                              model   actual     diff
  a hitter drives in 2+               63.352%  60.452%  +2.900%
  a hitter drives in 3+               29.708%  26.930%  +2.778%
  a hitter drives in 4+               10.659%   8.757%  +1.902%
  a hitter scores 3+                   7.615%   7.250%  +0.365%
  two hitters drive in 2+             27.519%  25.989%  +1.530%

  mean top RBI in a team-game           2.003    1.923   +0.080
  mean team runs                        4.320    4.358   -0.037

  READ THE SECOND LINE FIRST. If the model is short on team
  runs to begin with, it is short on big individual games for
  that reason alone and the first block says nothing about
  clustering. The claim needs the top-RBI gap to be LARGER in
  relative terms than the run gap.
