  BATTER CONSTANTS at the currently measured 51/122/193/447
  HOLDOUT: rates before 2026-07-01, scored on games from 2026-07-01
  531 games x 40 sims

  9,520 simulated batter-games, 9,369 matched to a boxscore line (98%)

  A. LEVEL BY LINEUP SLOT — the batting-order machine.
   slot       n   pred r   act r    diff  pred rbi  act rbi    diff
      1   1,051    0.577   0.578  -0.001     0.437    0.452  -0.015
      2   1,044    0.558   0.528  +0.030     0.488    0.466  +0.023
      3   1,062    0.504   0.515  -0.011     0.517    0.493  +0.024
      4   1,057    0.483   0.481  +0.003     0.549    0.542  +0.007
      5   1,042    0.456   0.470  -0.014     0.486    0.494  -0.008
      6   1,033    0.431   0.412  +0.019     0.448    0.399  +0.050
      7   1,017    0.422   0.414  +0.008     0.439    0.407  +0.032
      8   1,038    0.410   0.378  +0.033     0.412    0.394  +0.018
      9   1,025    0.393   0.375  +0.019     0.385    0.310  +0.075

  B. DIFFERENTIATION — regress ACTUAL on PREDICTED.
  slope 1.0 = the spread across hitters is right;
  above 1 = the model bunches them toward a common bat.

  unit            stat        n  sd(pred)   MC sd   raw b  TRUE b  z vs 1
  batter-game     r       9,369    0.1384  0.1039   0.278   0.638    -3.2
  batter-game     rbi     9,369    0.1607  0.1318   0.191   0.583    -2.5
  player (20+ g)  r         238    0.0699  0.0195   0.655   0.711    -2.1
  player (20+ g)  rbi       238    0.0716  0.0248   0.775   0.880    -0.7

  C. CONCENTRATION — 42,480 simulated team-games against 1,062 real ones.
  The team total is scored elsewhere; this asks whether the runs
  land on the same NUMBER of hitters.

  quantity                              model   actual     diff
  a hitter drives in 2+               61.671%  60.452%  +1.219%
  a hitter drives in 3+               27.966%  26.930%  +1.036%
  a hitter drives in 4+                9.442%   8.757%  +0.685%
  a hitter scores 3+                   7.564%   7.250%  +0.313%
  two hitters drive in 2+             26.448%  25.989%  +0.459%

  mean top RBI in a team-game           1.951    1.923   +0.028
  mean team runs                        4.231    4.358   -0.127

  GIVEN THE SAME TEAM TOTAL — the top hitter's rbi and runs
   team runs  n model  n act  top rbi m  top rbi a    diff   top r m   top r a    diff
           0    3,047     76      0.000      0.000  +0.000     0.000     0.000  +0.000
           1    4,894    116      0.978      0.966  +0.012     1.000     1.000  +0.000
           2    5,886    141      1.282      1.255  +0.026     1.065     1.121  -0.056
           3    5,964    163      1.659      1.607  +0.052     1.204     1.141  +0.063
           4    5,473    129      2.044      1.992  +0.052     1.405     1.333  +0.072
           5    4,737    113      2.340      2.265  +0.074     1.620     1.558  +0.062
           6    3,794    100      2.625      2.550  +0.075     1.860     1.790  +0.070
           7    2,860     61      2.858      2.689  +0.170     2.032     1.918  +0.114
           8    1,970     57      3.101      3.070  +0.030     2.191     2.228  -0.037
           9    1,357     29      3.357      3.207  +0.150     2.303     2.379  -0.076

  READ THE SECOND LINE FIRST. If the model is short on team
  runs to begin with, it is short on big individual games for
  that reason alone and the first block says nothing about
  clustering. The claim needs the top-RBI gap to be LARGER in
  relative terms than the run gap.
