
  322,205 of 322,205 decisions carry bullpen state
    pen_pitches_1    mean   62.45  sd  27.84  p10   31.0  p90  100.0
    pen_arms_1       mean    3.32  sd   1.26  p10    2.0  p90    5.0
    pen_pitches_3    mean  187.15  sd  49.28  p10  128.0  p90  252.0
    pen_back2        mean    0.69  sd   0.94  p10    0.0  p90    2.0
    pen_heavy_1      mean    1.20  sd   0.96  p10    0.0  p90    2.0
    pen_rest         mean    1.18  sd   0.55  p10    1.0  p90    2.0
    pen_load         mean   62.09  sd   4.91  p10   56.9  p90   68.1

==================================================================
BOUNDARY  (n 73,637)
==================================================================

  POWER — BOUNDARY pen pitches yesterday
    pen_pitches_1 se 0.00057   resolves 0.00170 log-odds/run at 3 sigma

  POSITIVE CONTROL
    pen_pitches_1 x0.01: injected +0.0100  recovered +0.01024 +/- 0.00052  (SEEN)

  BOUNDARY + ALL bullpen columns
    n 73,637   pulls 8,463   base rate 0.1149
    feature              coef        se       z
    pitches          +0.10297   0.00207   +49.7
    runs             +0.16188   0.01328   +12.2
    br               +0.11493   0.02018    +5.7
    inning           +0.53144   0.06434    +8.3
    bf               -0.00529   0.02294    -0.2
    tto              -0.47438   0.05639    -8.4
    abs_margin       +0.00643   0.00793    +0.8
    leash            -0.35994   0.01152   -31.3
    pen_pitches_1    -0.00101   0.00121    -0.8  <--
    pen_arms_1       +0.01446   0.01917    +0.8  <--
    pen_pitches_3    +0.00062   0.00042    +1.5  <--
    pen_back2        -0.10003   0.01874    -5.3  <--
    pen_heavy_1      -0.04942   0.02555    -1.9  <--
    pen_rest         +0.18601   0.02946    +6.3  <--
    pen_load         -0.00188   0.00354    -0.5  <--
    intercept        -5.88645   0.30756

  --- BOUNDARY: PER SEASON, pen_pitches_1 and pen_rest ---
    2023  n  14,594   pen_pitches_1 -0.003443 (z -2.6)   pen_rest +0.07492 (z +1.0)
    2024  n  18,735   pen_pitches_1 -0.002020 (z -1.7)   pen_rest +0.17543 (z +3.2)
    2025  n  21,808   pen_pitches_1 -0.000952 (z -0.9)   pen_rest +0.18588 (z +3.7)
    2026  n  18,500   pen_pitches_1 -0.001748 (z -1.6)   pen_rest +0.29162 (z +4.7)

==================================================================
MID-INNING  (n 248,568)
==================================================================

  POWER — MID-INNING pen pitches yesterday
    pen_pitches_1 se 0.00053   resolves 0.00159 log-odds/run at 3 sigma

  POSITIVE CONTROL
    pen_pitches_1 x0.01: injected +0.0100  recovered +0.00934 +/- 0.00041  (SEEN)

  MID-INNING + ALL bullpen columns
    n 248,568   pulls 6,018   base rate 0.0242
    feature              coef        se       z
    pitches          +0.07786   0.00185   +42.2
    inn_br           +0.53964   0.01368   +39.5
    runs             +0.21482   0.01198   +17.9
    onbase           +0.39125   0.02040   +19.2
    inning           +0.27312   0.02946    +9.3
    bf               +0.01558   0.01030    +1.5
    abs_margin       -0.09155   0.00799   -11.5
    leash            -0.33104   0.01009   -32.8
    pen_pitches_1    -0.00061   0.00112    -0.5  <--
    pen_arms_1       +0.00697   0.01766    +0.4  <--
    pen_pitches_3    +0.00062   0.00039    +1.6  <--
    pen_back2        -0.09279   0.01777    -5.2  <--
    pen_heavy_1      -0.07172   0.02392    -3.0  <--
    pen_rest         +0.16979   0.02734    +6.2  <--
    pen_load         -0.00355   0.00325    -1.1  <--
    intercept        -6.87590   0.27778

  --- MID-INNING: PER SEASON, pen_pitches_1 and pen_rest ---
    2023  n  49,107   pen_pitches_1 -0.004899 (z -3.8)   pen_rest +0.15655 (z +2.4)
    2024  n  62,963   pen_pitches_1 -0.001676 (z -1.5)   pen_rest +0.25878 (z +5.3)
    2025  n  73,550   pen_pitches_1 -0.001026 (z -1.0)   pen_rest +0.04633 (z +0.9)
    2026  n  62,948   pen_pitches_1 -0.002438 (z -2.4)   pen_rest +0.23966 (z +4.1)
