train 2454 sides before 2026-07-01, test 1106 on/after

  s0 intercept               -5.4:1.6073   -5:1.6075   -4.6:1.6052*  -4.2:1.6087   -3.8:1.6073    d+0.0000 se0.0000
  s0 per_inning              0.25:1.6040*  0.35:1.6096   0.45:1.6052   0.6:1.6064   0.8:1.6060    d-0.0013 se0.0031
  s0 per_run                 0.3:1.6024*  0.45:1.6032   0.6:1.6052   0.75:1.6078    d-0.0029 se0.0025   TAKE 0.3
  s0 pitch_center            72:1.6117   80:1.6024*  88:1.6068   96:1.6046    d+0.0000 se0.0000
  s0 mid_intercept           -5.6:1.6007*  -5:1.6024   -4.4:1.6063    d-0.0017 se0.0028
  s0 mid_per_runner          0.35:1.6033   0.55:1.6024*  0.8:1.6074    d+0.0000 se0.0000
  s0 WP_PB_RATE              0.01:1.6070   0.0155:1.6024*  0.022:1.6092   0.03:1.6067    d+0.0000 se0.0000
  s1 intercept               -5.4:1.6076   -5:1.6072   -4.6:1.6024*  -4.2:1.6029   -3.8:1.6083    d+0.0000 se0.0000
  s1 per_inning              0.25:1.6063   0.35:1.6068   0.45:1.6024*  0.6:1.6053   0.8:1.6070    d+0.0000 se0.0000
  s1 per_run                 0.3:1.6024*  0.45:1.6032   0.6:1.6052   0.75:1.6078    d+0.0000 se0.0000
  s1 pitch_center            72:1.6117   80:1.6024*  88:1.6068   96:1.6046    d+0.0000 se0.0000
  s1 mid_intercept           -5.6:1.6007*  -5:1.6024   -4.4:1.6063    d-0.0017 se0.0028
  s1 mid_per_runner          0.35:1.6033   0.55:1.6024*  0.8:1.6074    d+0.0000 se0.0000
  s1 WP_PB_RATE              0.01:1.6070   0.0155:1.6024*  0.022:1.6092   0.03:1.6067    d+0.0000 se0.0000

  1 of 7 parameters moved
    intercept                   -4.6  ->    -4.6
    per_inning                  0.45  ->    0.45
    per_run                      0.6  ->     0.3   <-- moved
    pitch_center                80.0  ->    80.0
    mid_intercept               -5.0  ->    -5.0
    mid_per_runner              0.55  ->    0.55
    WP_PB_RATE                0.0155  ->  0.0155

                       CRPS    runs     sd  shutout  5+ runs  covered5
  -- train --
  shipped           1.60387    2.31   2.19    22.8%    15.2%     69.3%
  fitted            1.60391    2.32   2.20    22.7%    15.4%     73.2%
  ACTUAL                       2.48   2.30    21.0%    17.6%     71.7%
  -- test (unseen) --
  shipped           1.63418    2.32   2.17    22.2%    15.3%     69.1%
  fitted            1.63457    2.32   2.19    22.6%    15.2%     73.6%
  ACTUAL                       2.45   2.31    22.0%    17.7%     74.2%

  actual runs/side 2.45, starter covered five 74.2%
  test loss  shipped 1.64330 +/- 0.00381   fitted 1.64031 +/- 0.00384
  paired difference -0.00300 +/- 0.00389  (-0.8 sigma, negative = fitted better)
