  520 games / 1040 starts x 40 draws x 3 hooks, holdout 2026-07-01
    100/520 games
    200/520 games
    300/520 games
    400/520 games
    500/520 games

  1,040 starts scored   -> scratchpad/bnd_curves.json

  P(over) AT THE LINES — sim rate against what happened
  line       actual   legacy  shipped    fixed     err legacy  err shipped  err fixed
  12.5        0.812    0.773    0.851    0.793       -0.038    +0.039    -0.019
  14.5        0.740    0.691    0.744    0.693       -0.049    +0.003    -0.047
  15.5        0.544    0.507    0.619    0.524       -0.038    +0.075    -0.020
  16.5        0.484    0.459    0.550    0.476       -0.024    +0.066    -0.008
  17.5        0.417    0.397    0.463    0.413       -0.020    +0.046    -0.004
  18.5        0.174    0.224    0.325    0.226       +0.050    +0.151    +0.052
  20.5        0.119    0.148    0.194    0.157       +0.028    +0.074    +0.037

  BRIER PER LINE, paired on the same starts (lower is better)
  line         base   legacy  shipped    fixed
  12.5       0.1529   0.1526   0.1503   0.1497
  14.5       0.1922   0.1904   0.1858   0.1876
  15.5       0.2480   0.2400   0.2442   0.2362
  16.5       0.2497   0.2407   0.2438   0.2373
  17.5       0.2432   0.2328   0.2342   0.2319
  18.5       0.1437   0.1425   0.1643   0.1435
  20.5       0.1050   0.1031   0.1091   0.1047
  mean 14.5-17.5       0.2260    0.2270    0.2232
  no-skill base        0.2333   <- beat this or the per-start numbers are worse than a constant

                                legacy   shipped     fixed
  RMS err, 14.5-17.5            0.0348    0.0550    0.0261   <- 91.2% of the board
  RMS err, 12.5-20.5            0.0371    0.0774    0.0320

                                legacy   shipped     fixed    ACTUAL
  discrete CRPS                 2.1355    2.1914    2.1235
  mean outs                      15.95     16.83     15.99     15.81
  SD outs                         3.91      3.91      4.00      4.05
  boundary share                 0.647     0.478     0.604     0.671

  CRPS is the shape score and lower is better. The mean is a
  known open defect and is NOT what this ships on.
