  LEASH OFF — no curve gets offsets fitted against it
  520 games / 1040 starts x 40 draws x 3 hooks, holdout 2026-07-01
    100/520 games
    200/520 games
    300/520 games
    400/520 games
    500/520 games

  1,040 starts scored   -> scratchpad/bnd_curves_noleash.json

  P(over) AT THE LINES — sim rate against what happened
  line       actual   legacy  shipped    fixed     err legacy  err shipped  err fixed
  12.5        0.812    0.754    0.834    0.770       -0.057    +0.022    -0.042
  14.5        0.740    0.667    0.720    0.661       -0.074    -0.021    -0.079
  15.5        0.544    0.472    0.584    0.480       -0.072    +0.039    -0.064
  16.5        0.484    0.424    0.513    0.431       -0.060    +0.029    -0.053
  17.5        0.417    0.361    0.424    0.367       -0.057    +0.007    -0.051
  18.5        0.174    0.192    0.282    0.183       +0.018    +0.108    +0.009
  20.5        0.119    0.120    0.160    0.123       +0.001    +0.041    +0.004

  BRIER PER LINE, paired on the same starts (lower is better)
  line         base   legacy  shipped    fixed
  12.5       0.1529   0.1599   0.1547   0.1557
  14.5       0.1922   0.2008   0.1941   0.2003
  15.5       0.2480   0.2553   0.2519   0.2548
  16.5       0.2497   0.2570   0.2539   0.2566
  17.5       0.2432   0.2468   0.2439   0.2466
  18.5       0.1437   0.1439   0.1582   0.1456
  20.5       0.1050   0.1059   0.1090   0.1062
  mean 14.5-17.5       0.2400    0.2360    0.2396
  no-skill base        0.2333   <- beat this or the per-start numbers are worse than a constant

                                legacy   shipped     fixed
  RMS err, 14.5-17.5            0.0660    0.0267    0.0627   <- 91.2% of the board
  RMS err, 12.5-20.5            0.0548    0.0488    0.0501

                                legacy   shipped     fixed    ACTUAL
  discrete CRPS                 2.2182    2.2246    2.2122
  mean outs                      15.62     16.46     15.58     15.81
  SD outs                         3.82      3.83      3.90      4.05
  boundary share                 0.648     0.486     0.603     0.671

  CRPS is the shape score and lower is better. The mean is a
  known open defect and is NOT what this ships on.
