  LEASH OFF — no curve gets offsets fitted against it
  520 games / 1040 starts x 40 draws x 5 hooks, holdout 2026-07-01
    100/520 games
    200/520 games
    300/520 games
    400/520 games
    500/520 games

  1,040 starts scored   -> scratchpad/bnd_curves_noleash.json

  P(over) AT THE LINES — sim rate against what happened
  line       actual   legacy   linear     knee  shippedpitchonly     err legacy  err linear  err knee  err shipped  err pitchonly
  12.5        0.812    0.754    0.834    0.844    0.834    0.825       -0.057    +0.022    +0.033    +0.022    +0.014
  14.5        0.740    0.667    0.720    0.727    0.720    0.689       -0.074    -0.021    -0.013    -0.021    -0.051
  15.5        0.544    0.472    0.584    0.601    0.584    0.551       -0.072    +0.039    +0.057    +0.039    +0.007
  16.5        0.484    0.424    0.513    0.528    0.513    0.463       -0.060    +0.029    +0.044    +0.029    -0.021
  17.5        0.417    0.361    0.424    0.437    0.424    0.372       -0.057    +0.007    +0.020    +0.007    -0.045
  18.5        0.174    0.192    0.282    0.282    0.282    0.238       +0.018    +0.108    +0.108    +0.108    +0.064
  20.5        0.119    0.120    0.160    0.164    0.160    0.118       +0.001    +0.041    +0.045    +0.041    -0.001

  BRIER PER LINE, paired on the same starts (lower is better)
  line         base   legacy   linear     knee  shippedpitchonly
  12.5       0.1529   0.1599   0.1547   0.1557   0.1547   0.1549
  14.5       0.1922   0.2008   0.1941   0.1940   0.1941   0.1980
  15.5       0.2480   0.2553   0.2519   0.2554   0.2519   0.2522
  16.5       0.2497   0.2570   0.2539   0.2560   0.2539   0.2554
  17.5       0.2432   0.2468   0.2439   0.2447   0.2439   0.2485
  18.5       0.1437   0.1439   0.1582   0.1586   0.1582   0.1492
  20.5       0.1050   0.1059   0.1090   0.1096   0.1090   0.1054
  mean 14.5-17.5       0.2400    0.2360    0.2375    0.2360    0.2385
  no-skill base        0.2333   <- beat this or the per-start numbers are worse than a constant

                                legacy    linear      knee   shipped pitchonly
  RMS err, 14.5-17.5            0.0660    0.0267    0.0380    0.0267    0.0358   <- 91.2% of the board
  RMS err, 12.5-20.5            0.0548    0.0488    0.0541    0.0488    0.0368

                                legacy    linear      knee   shipped pitchonly    ACTUAL
  discrete CRPS                 2.2182    2.2246    2.2308    2.2246    2.2093
  mean outs                      15.62     16.46     16.42     16.46     16.02     15.81
  SD outs                         3.82      3.83      4.01      3.83      3.69      4.05
  boundary share                 0.648     0.486     0.492     0.486     0.450     0.671

  CRPS is the shape score and lower is better. The mean is a
  known open defect and is NOT what this ships on.
