  520 games / 1040 starts x 40 draws x 5 hooks, holdout 2026-07-01
    100/520 games
    200/520 games
    300/520 games
    400/520 games
    500/520 games

  1,040 starts scored   -> scratchpad/bnd_curves.json

  P(over) AT THE LINES — sim rate against what happened
  line       actual   legacy   linear     knee  shippedpitchonly     err legacy  err linear  err knee  err shipped  err pitchonly
  12.5        0.812    0.773    0.851    0.860    0.851    0.846       -0.038    +0.039    +0.049    +0.039    +0.034
  14.5        0.740    0.691    0.744    0.751    0.744    0.724       -0.049    +0.003    +0.011    +0.003    -0.017
  15.5        0.544    0.507    0.619    0.633    0.619    0.596       -0.038    +0.075    +0.089    +0.075    +0.052
  16.5        0.484    0.459    0.550    0.563    0.550    0.511       -0.024    +0.066    +0.080    +0.066    +0.028
  17.5        0.417    0.397    0.463    0.476    0.463    0.422       -0.020    +0.046    +0.058    +0.046    +0.005
  18.5        0.174    0.224    0.325    0.323    0.325    0.288       +0.050    +0.151    +0.149    +0.151    +0.114
  20.5        0.119    0.148    0.194    0.197    0.194    0.154       +0.028    +0.074    +0.077    +0.074    +0.035

  BRIER PER LINE, paired on the same starts (lower is better)
  line         base   legacy   linear     knee  shippedpitchonly
  12.5       0.1529   0.1526   0.1503   0.1511   0.1503   0.1486
  14.5       0.1922   0.1904   0.1858   0.1865   0.1858   0.1861
  15.5       0.2480   0.2400   0.2442   0.2472   0.2442   0.2407
  16.5       0.2497   0.2407   0.2438   0.2464   0.2438   0.2367
  17.5       0.2432   0.2328   0.2342   0.2363   0.2342   0.2291
  18.5       0.1437   0.1425   0.1643   0.1655   0.1643   0.1520
  20.5       0.1050   0.1031   0.1091   0.1101   0.1091   0.1036
  mean 14.5-17.5       0.2260    0.2270    0.2291    0.2270    0.2231
  no-skill base        0.2333   <- beat this or the per-start numbers are worse than a constant

                                legacy    linear      knee   shipped pitchonly
  RMS err, 14.5-17.5            0.0348    0.0550    0.0667    0.0550    0.0307   <- 91.2% of the board
  RMS err, 12.5-20.5            0.0371    0.0774    0.0830    0.0774    0.0524

                                legacy    linear      knee   shipped pitchonly    ACTUAL
  discrete CRPS                 2.1355    2.1914    2.1982    2.1914    2.1327
  mean outs                      15.95     16.83     16.79     16.83     16.47     15.81
  SD outs                         3.91      3.91      4.05      3.91      3.79      4.05
  boundary share                 0.647     0.478     0.491     0.478     0.449     0.671

  CRPS is the shape score and lower is better. The mean is a
  known open defect and is NOT what this ships on.
