  holdout 2026-07-01+, 537 games / ~1074 starts, 40 sims each, leash ON, sigma 0.2
  POWER (actual side is binding, n~1074):
    boundary share  se 0.0143  -> resolves 0.043 at 3 sigma
    mean outs       se 0.124  -> resolves 0.37 at 3 sigma
    mean K          se 0.076  -> resolves 0.23 at 3 sigma

  === OUTS   n=1074 starts, 40 sims each ===
                          model   actual      gap
    mean                  15.74    15.82    -0.08
    sd                     4.32     4.04    +0.28
    boundary share        0.586    0.669    -0.08
    CRPS                 2.1127

    line        model   actual      gap      se
    o12.5       0.762    0.811   -0.049   0.012
    o14.5       0.661    0.739   -0.078   0.013
    o15.5       0.500    0.546   -0.045   0.015
    o16.5       0.456    0.486   -0.030   0.015
    o17.5       0.398    0.417   -0.019   0.015
    o18.5       0.230    0.173   +0.056   0.012
    o20.5       0.162    0.119   +0.043   0.010

    value       model   actual      gap
    9           0.030    0.030   +0.000  <- boundary
    10          0.026    0.016   +0.010
    11          0.041    0.023   +0.018
    12          0.086    0.073   +0.013  <- boundary
    13          0.040    0.035   +0.004
    14          0.061    0.036   +0.025
    15          0.161    0.194   -0.033  <- boundary
    16          0.044    0.060   -0.016
    17          0.059    0.069   -0.010
    18          0.168    0.244   -0.076  <- boundary
    19          0.032    0.030   +0.002
    20          0.036    0.024   +0.012
    21          0.100    0.090   +0.010  <- boundary
    22          0.012    0.005   +0.007

  === K   n=1074 starts, 40 sims each ===
                          model   actual      gap
    mean                   4.94     4.84    +0.10
    sd                     2.45     2.49    -0.04
    CRPS                 1.3246

    line        model   actual      gap      se
    o3.5        0.700    0.676   +0.024   0.014
    o4.5        0.539    0.515   +0.024   0.015
    o5.5        0.380    0.364   +0.016   0.015
    o6.5        0.249    0.235   +0.014   0.013
    o7.5        0.149    0.138   +0.012   0.011
    o8.5        0.083    0.095   -0.012   0.009
    o9.5        0.042    0.046   -0.003   0.006
    o10.5       0.021    0.023   -0.002   0.005

    value       model   actual      gap
    1           0.049    0.051   -0.002
    2           0.097    0.101   -0.005
    3           0.140    0.152   -0.012
    4           0.161    0.161   +0.000
    5           0.159    0.151   +0.008
    6           0.131    0.129   +0.002
    7           0.100    0.097   +0.003
    8           0.066    0.043   +0.023
    9           0.041    0.049   -0.008
    10          0.021    0.022   -0.001
    11          0.011    0.017   -0.005

  === K CONDITIONAL ON LENGTH ===
    outs           n  E[K] mod  E[K] act   sd mod   sd act   sd gap     se
    0-8           51      2.06      1.73     1.37     1.28    +0.08   0.13
    9-11          74      3.25      3.05     1.62     1.60    +0.02   0.13
    12-14        155      4.10      3.96     1.89     1.77    +0.11   0.10
    15-17        346      4.93      4.82     2.09     2.25    -0.16   0.09
    18-20        320      5.81      5.40     2.32     2.35    -0.03   0.09
    21-27        128      6.67      6.84     2.54     2.68    -0.14   0.17
