  holdout 2026-07-01+, 537 games / ~1074 starts, 40 sims each, leash ON, sigma 0.15
  POWER (actual side is binding, n~1074):
    boundary share  se 0.0143  -> resolves 0.043 at 3 sigma
    mean outs       se 0.124  -> resolves 0.37 at 3 sigma
    mean K          se 0.076  -> resolves 0.23 at 3 sigma

  === OUTS   n=1074 starts, 40 sims each ===
                          model   actual      gap
    mean                  15.84    15.82    +0.01
    sd                     4.18     4.04    +0.14
    boundary share        0.593    0.669    -0.08
    CRPS                 2.1107

    line        model   actual      gap      se
    o12.5       0.773    0.811   -0.038   0.012
    o14.5       0.671    0.739   -0.068   0.013
    o15.5       0.508    0.546   -0.038   0.015
    o16.5       0.463    0.486   -0.023   0.015
    o17.5       0.403    0.417   -0.014   0.015
    o18.5       0.228    0.173   +0.055   0.012
    o20.5       0.159    0.119   +0.039   0.010

    value       model   actual      gap
    9           0.028    0.030   -0.001  <- boundary
    10          0.025    0.016   +0.009
    11          0.040    0.023   +0.016
    12          0.087    0.073   +0.015  <- boundary
    13          0.040    0.035   +0.004
    14          0.062    0.036   +0.026
    15          0.163    0.194   -0.030  <- boundary
    16          0.045    0.060   -0.014
    17          0.059    0.069   -0.010
    18          0.175    0.244   -0.069  <- boundary
    19          0.032    0.030   +0.003
    20          0.037    0.024   +0.013
    21          0.101    0.090   +0.011  <- boundary
    22          0.012    0.005   +0.008

  === K   n=1074 starts, 40 sims each ===
                          model   actual      gap
    mean                   4.92     4.84    +0.08
    sd                     2.35     2.49    -0.14
    CRPS                 1.3305

    line        model   actual      gap      se
    o3.5        0.707    0.676   +0.031   0.014
    o4.5        0.538    0.515   +0.023   0.015
    o5.5        0.376    0.364   +0.011   0.015
    o6.5        0.241    0.235   +0.006   0.013
    o7.5        0.139    0.138   +0.001   0.011
    o8.5        0.074    0.095   -0.021   0.009
    o9.5        0.036    0.046   -0.010   0.006
    o10.5       0.016    0.023   -0.007   0.005

    value       model   actual      gap
    1           0.045    0.051   -0.007
    2           0.093    0.101   -0.008
    3           0.143    0.152   -0.009
    4           0.169    0.161   +0.008
    5           0.163    0.151   +0.012
    6           0.135    0.129   +0.005
    7           0.102    0.097   +0.005
    8           0.065    0.043   +0.022
    9           0.038    0.049   -0.012
    10          0.020    0.022   -0.003
    11          0.010    0.017   -0.007

  === K CONDITIONAL ON LENGTH ===
    outs           n  E[K] mod  E[K] act   sd mod   sd act   sd gap     se
    0-8           51      2.17      1.73     1.39     1.28    +0.11   0.13
    9-11          74      3.31      3.05     1.60     1.60    -0.00   0.13
    12-14        155      4.15      3.96     1.86     1.77    +0.09   0.10
    15-17        346      4.90      4.82     2.06     2.25    -0.19   0.09
    18-20        320      5.69      5.40     2.25     2.35    -0.10   0.09
    21-27        128      6.44      6.84     2.45     2.68    -0.23   0.17
