  holdout 2026-07-01+, 537 games / ~1074 starts, 40 sims each, leash ON
  POWER (actual side is binding, n~1074):
    boundary share  se 0.0143  -> resolves 0.043 at 3 sigma
    mean outs       se 0.124  -> resolves 0.37 at 3 sigma
    mean K          se 0.076  -> resolves 0.23 at 3 sigma

  === OUTS   n=1074 starts, 40 sims each ===
                          model   actual      gap
    mean                  15.95    15.82    +0.13
    sd                     4.01     4.04    -0.03
    boundary share        0.598    0.669    -0.07
    CRPS                 2.1045

    line        model   actual      gap      se
    o12.5       0.789    0.811   -0.022   0.012
    o14.5       0.689    0.739   -0.050   0.013
    o15.5       0.521    0.546   -0.025   0.015
    o16.5       0.472    0.486   -0.014   0.015
    o17.5       0.410    0.417   -0.007   0.015
    o18.5       0.224    0.173   +0.051   0.012
    o20.5       0.153    0.119   +0.033   0.010

    value       model   actual      gap
    9           0.027    0.030   -0.002  <- boundary
    10          0.019    0.016   +0.004
    11          0.038    0.023   +0.015
    12          0.086    0.073   +0.013  <- boundary
    13          0.041    0.035   +0.005
    14          0.060    0.036   +0.023
    15          0.168    0.194   -0.026  <- boundary
    16          0.049    0.060   -0.011
    17          0.062    0.069   -0.007
    18          0.186    0.244   -0.058  <- boundary
    19          0.034    0.030   +0.004
    20          0.038    0.024   +0.014
    21          0.099    0.090   +0.009  <- boundary
    22          0.012    0.005   +0.008

  === K   n=1074 starts, 40 sims each ===
                          model   actual      gap
    mean                   4.86     4.84    +0.02
    sd                     2.23     2.49    -0.26
    CRPS                 1.3330

    line        model   actual      gap      se
    o3.5        0.713    0.676   +0.037   0.014
    o4.5        0.539    0.515   +0.024   0.015
    o5.5        0.365    0.364   +0.001   0.015
    o6.5        0.221    0.235   -0.014   0.013
    o7.5        0.123    0.138   -0.015   0.011
    o8.5        0.060    0.095   -0.035   0.009
    o9.5        0.027    0.046   -0.019   0.006
    o10.5       0.011    0.023   -0.013   0.005

    value       model   actual      gap
    1           0.042    0.051   -0.009
    2           0.091    0.101   -0.011
    3           0.144    0.152   -0.007
    4           0.174    0.161   +0.013
    5           0.174    0.151   +0.023
    6           0.144    0.129   +0.015
    7           0.098    0.097   +0.001
    8           0.062    0.043   +0.020
    9           0.033    0.049   -0.016
    10          0.016    0.022   -0.006
    11          0.007    0.017   -0.010

  === K CONDITIONAL ON LENGTH ===
    outs           n  E[K] mod  E[K] act   sd mod   sd act   sd gap     se
    0-8           51      2.29      1.73     1.39     1.28    +0.11   0.13
    9-11          74      3.42      3.05     1.62     1.60    +0.02   0.13
    12-14        155      4.15      3.96     1.80     1.77    +0.03   0.10
    15-17        346      4.86      4.82     2.01     2.25    -0.24   0.09
    18-20        320      5.52      5.40     2.19     2.35    -0.16   0.09
    21-27        128      6.09      6.84     2.31     2.68    -0.37   0.17
