  holdout 2026-07-01+, 575 games / ~1150 starts, 40 sims each, leash ON, sigma 0.0
  POWER (actual side is binding, n~1150):
    boundary share  se 0.0139  -> resolves 0.042 at 3 sigma
    mean outs       se 0.119  -> resolves 0.36 at 3 sigma
    mean K          se 0.073  -> resolves 0.22 at 3 sigma

  === OUTS   n=1150 starts, 40 sims each ===
                          model   actual      gap
    mean                  15.56    15.81    -0.25
    sd                     3.69     4.02    -0.33
    boundary share        0.611    0.673    -0.06
    CRPS                 2.0732

    line        model   actual      gap      se
    o12.5       0.803    0.812   -0.010   0.012
    o14.5       0.699    0.741   -0.042   0.013
    o15.5       0.501    0.543   -0.042   0.015
    o16.5       0.439    0.484   -0.045   0.015
    o17.5       0.366    0.416   -0.049   0.015
    o18.5       0.149    0.171   -0.022   0.011
    o20.5       0.094    0.118   -0.024   0.010

    value       model   actual      gap
    9           0.029    0.030   -0.002  <- boundary
    10          0.017    0.016   +0.001
    11          0.031    0.023   +0.008
    12          0.074    0.071   +0.003  <- boundary
    13          0.042    0.034   +0.008
    14          0.062    0.037   +0.025
    15          0.198    0.198   -0.001  <- boundary
    16          0.062    0.058   +0.004
    17          0.073    0.069   +0.004
    18          0.217    0.244   -0.027  <- boundary
    19          0.026    0.029   -0.002
    20          0.028    0.024   +0.004
    21          0.075    0.090   -0.015  <- boundary
    22          0.005    0.004   +0.001

  === K   n=1150 starts, 40 sims each ===
                          model   actual      gap
    mean                   4.76     4.84    -0.08
    sd                     2.33     2.48    -0.15
    CRPS                 1.3329

    line        model   actual      gap      se
    o3.5        0.683    0.677   +0.007   0.014
    o4.5        0.515    0.514   +0.001   0.015
    o5.5        0.353    0.364   -0.012   0.014
    o6.5        0.218    0.233   -0.015   0.012
    o7.5        0.125    0.137   -0.013   0.010
    o8.5        0.064    0.094   -0.030   0.009
    o9.5        0.031    0.047   -0.016   0.006
    o10.5       0.013    0.022   -0.008   0.004

    value       model   actual      gap
    1           0.051    0.052   -0.002
    2           0.105    0.102   +0.003
    3           0.146    0.151   -0.005
    4           0.169    0.163   +0.006
    5           0.162    0.150   +0.012
    6           0.135    0.131   +0.003
    7           0.093    0.096   -0.002
    8           0.060    0.043   +0.017
    9           0.034    0.047   -0.013
    10          0.017    0.025   -0.008
    11          0.008    0.016   -0.008

  === K CONDITIONAL ON LENGTH ===
    outs           n  E[K] mod  E[K] act   sd mod   sd act   sd gap     se
    0-8           55      2.05      1.75     1.40     1.25    +0.15   0.12
    9-11          79      3.25      3.06     1.63     1.63    -0.00   0.13
    12-14        164      4.08      3.98     1.92     1.79    +0.14   0.10
    15-17        374      4.83      4.78     2.12     2.24    -0.13   0.08
    18-20        342      5.54      5.42     2.33     2.33    -0.00   0.09
    21-27        136      6.10      6.84     2.49     2.65    -0.16   0.16
