  holdout 2026-07-01+, 575 games / ~1150 starts, 40 sims each, leash ON, sigma 0.0
  POWER (actual side is binding, n~1150):
    boundary share  se 0.0139  -> resolves 0.042 at 3 sigma
    mean outs       se 0.119  -> resolves 0.36 at 3 sigma
    mean K          se 0.073  -> resolves 0.22 at 3 sigma

  === OUTS   n=1150 starts, 40 sims each ===
                          model   actual      gap
    mean                  15.71    15.81    -0.10
    sd                     3.99     4.02    -0.03
    boundary share        0.646    0.673    -0.03
    CRPS                 2.0673

    line        model   actual      gap      se
    o12.5       0.786    0.812   -0.026   0.012
    o14.5       0.695    0.741   -0.046   0.013
    o15.5       0.503    0.543   -0.040   0.015
    o16.5       0.458    0.484   -0.026   0.015
    o17.5       0.398    0.416   -0.018   0.015
    o18.5       0.189    0.171   +0.018   0.011
    o20.5       0.130    0.118   +0.011   0.010

    value       model   actual      gap
    9           0.028    0.030   -0.002  <- boundary
    10          0.016    0.016   +0.000
    11          0.029    0.023   +0.007
    12          0.094    0.071   +0.023  <- boundary
    13          0.035    0.034   +0.002
    14          0.056    0.037   +0.018
    15          0.192    0.198   -0.006  <- boundary
    16          0.044    0.058   -0.014
    17          0.060    0.069   -0.008
    18          0.209    0.244   -0.035  <- boundary
    19          0.027    0.029   -0.002
    20          0.033    0.024   +0.008
    21          0.097    0.090   +0.007  <- boundary
    22          0.007    0.004   +0.003

  === K   n=1150 starts, 40 sims each ===
                          model   actual      gap
    mean                   4.80     4.84    -0.04
    sd                     2.38     2.48    -0.10
    CRPS                 1.3340

    line        model   actual      gap      se
    o3.5        0.687    0.677   +0.011   0.014
    o4.5        0.521    0.514   +0.007   0.015
    o5.5        0.361    0.364   -0.003   0.014
    o6.5        0.226    0.233   -0.007   0.012
    o7.5        0.130    0.137   -0.007   0.010
    o8.5        0.069    0.094   -0.025   0.009
    o9.5        0.034    0.047   -0.013   0.006
    o10.5       0.016    0.022   -0.006   0.004

    value       model   actual      gap
    1           0.049    0.052   -0.003
    2           0.103    0.102   +0.002
    3           0.143    0.151   -0.009
    4           0.166    0.163   +0.003
    5           0.160    0.150   +0.011
    6           0.134    0.131   +0.003
    7           0.096    0.096   +0.000
    8           0.062    0.043   +0.018
    9           0.035    0.047   -0.012
    10          0.018    0.025   -0.007
    11          0.009    0.016   -0.006

  === K CONDITIONAL ON LENGTH ===
    outs           n  E[K] mod  E[K] act   sd mod   sd act   sd gap     se
    0-8           55      1.80      1.75     1.41     1.25    +0.15   0.12
    9-11          79      3.25      3.06     1.62     1.63    -0.01   0.13
    12-14        164      4.06      3.98     1.90     1.79    +0.12   0.10
    15-17        374      4.84      4.78     2.11     2.24    -0.13   0.08
    18-20        342      5.57      5.42     2.34     2.33    +0.01   0.09
    21-27        136      6.14      6.84     2.51     2.65    -0.14   0.16
