  holdout 2026-07-01+, 564 games / ~1128 starts, 40 sims each, leash ON, sigma 0.0
  POWER (actual side is binding, n~1128):
    boundary share  se 0.0140  -> resolves 0.042 at 3 sigma
    mean outs       se 0.121  -> resolves 0.36 at 3 sigma
    mean K          se 0.074  -> resolves 0.22 at 3 sigma

  === OUTS   n=1128 starts, 40 sims each ===
                          model   actual      gap
    mean                  15.61    15.80    -0.19
    sd                     3.93     4.03    -0.11
    boundary share        0.626    0.674    -0.05
    CRPS                 2.1021

    line        model   actual      gap      se
    o12.5       0.775    0.810   -0.036   0.012
    o14.5       0.674    0.740   -0.067   0.013
    o15.5       0.489    0.541   -0.052   0.015
    o16.5       0.442    0.482   -0.040   0.015
    o17.5       0.383    0.415   -0.032   0.015
    o18.5       0.182    0.171   +0.011   0.011
    o20.5       0.125    0.117   +0.008   0.010

    value       model   actual      gap
    9           0.029    0.030   -0.001  <- boundary
    10          0.021    0.016   +0.005
    11          0.035    0.022   +0.013
    12          0.093    0.073   +0.020  <- boundary
    13          0.040    0.034   +0.006
    14          0.061    0.036   +0.025
    15          0.185    0.199   -0.014  <- boundary
    16          0.047    0.059   -0.012
    17          0.059    0.067   -0.008
    18          0.201    0.244   -0.043  <- boundary
    19          0.026    0.029   -0.003
    20          0.031    0.025   +0.006
    21          0.093    0.089   +0.004  <- boundary
    22          0.006    0.004   +0.002

  === K   n=1128 starts, 40 sims each ===
                          model   actual      gap
    mean                   4.77     4.83    -0.06
    sd                     2.37     2.49    -0.12
    CRPS                 1.3322

    line        model   actual      gap      se
    o3.5        0.678    0.674   +0.004   0.014
    o4.5        0.513    0.512   +0.000   0.015
    o5.5        0.354    0.362   -0.008   0.014
    o6.5        0.223    0.233   -0.010   0.013
    o7.5        0.130    0.138   -0.008   0.010
    o8.5        0.068    0.094   -0.026   0.009
    o9.5        0.033    0.047   -0.014   0.006
    o10.5       0.015    0.022   -0.007   0.004

    value       model   actual      gap
    1           0.052    0.053   -0.001
    2           0.104    0.101   +0.003
    3           0.150    0.153   -0.003
    4           0.165    0.161   +0.004
    5           0.159    0.151   +0.008
    6           0.131    0.129   +0.002
    7           0.093    0.095   -0.002
    8           0.062    0.044   +0.017
    9           0.035    0.047   -0.012
    10          0.018    0.025   -0.006
    11          0.009    0.016   -0.007

  === K CONDITIONAL ON LENGTH ===
    outs           n  E[K] mod  E[K] act   sd mod   sd act   sd gap     se
    0-8           55      2.03      1.75     1.39     1.25    +0.13   0.12
    9-11          77      3.22      3.03     1.62     1.59    +0.04   0.13
    12-14        161      4.05      3.98     1.91     1.79    +0.12   0.10
    15-17        367      4.84      4.78     2.12     2.24    -0.12   0.08
    18-20        336      5.59      5.43     2.35     2.35    +0.01   0.09
    21-27        132      6.13      6.83     2.52     2.68    -0.16   0.16
