  holdout 2026-07-01+, 537 games / ~1074 starts, 40 sims each, leash ON, sigma 0.1
  POWER (actual side is binding, n~1074):
    boundary share  se 0.0143  -> resolves 0.043 at 3 sigma
    mean outs       se 0.124  -> resolves 0.37 at 3 sigma
    mean K          se 0.076  -> resolves 0.23 at 3 sigma

  === OUTS   n=1074 starts, 40 sims each ===
                          model   actual      gap
    mean                  15.92    15.82    +0.10
    sd                     4.08     4.04    +0.03
    boundary share        0.595    0.669    -0.07
    CRPS                 2.0986

    line        model   actual      gap      se
    o12.5       0.784    0.811   -0.027   0.012
    o14.5       0.682    0.739   -0.057   0.013
    o15.5       0.516    0.546   -0.030   0.015
    o16.5       0.469    0.486   -0.017   0.015
    o17.5       0.408    0.417   -0.009   0.015
    o18.5       0.229    0.173   +0.056   0.012
    o20.5       0.156    0.119   +0.037   0.010

    value       model   actual      gap
    9           0.027    0.030   -0.003  <- boundary
    10          0.023    0.016   +0.008
    11          0.038    0.023   +0.015
    12          0.086    0.073   +0.014  <- boundary
    13          0.040    0.035   +0.005
    14          0.061    0.036   +0.025
    15          0.166    0.194   -0.027  <- boundary
    16          0.047    0.060   -0.013
    17          0.061    0.069   -0.007
    18          0.179    0.244   -0.065  <- boundary
    19          0.034    0.030   +0.004
    20          0.039    0.024   +0.015
    21          0.101    0.090   +0.011  <- boundary
    22          0.012    0.005   +0.008

  === K   n=1074 starts, 40 sims each ===
                          model   actual      gap
    mean                   4.89     4.84    +0.05
    sd                     2.28     2.49    -0.21
    CRPS                 1.3288

    line        model   actual      gap      se
    o3.5        0.711    0.676   +0.035   0.014
    o4.5        0.539    0.515   +0.024   0.015
    o5.5        0.372    0.364   +0.008   0.015
    o6.5        0.232    0.235   -0.003   0.013
    o7.5        0.130    0.138   -0.008   0.011
    o8.5        0.066    0.095   -0.029   0.009
    o9.5        0.030    0.046   -0.015   0.006
    o10.5       0.013    0.023   -0.011   0.005

    value       model   actual      gap
    1           0.041    0.051   -0.010
    2           0.094    0.101   -0.007
    3           0.143    0.152   -0.009
    4           0.172    0.161   +0.011
    5           0.167    0.151   +0.016
    6           0.140    0.129   +0.011
    7           0.102    0.097   +0.005
    8           0.064    0.043   +0.021
    9           0.036    0.049   -0.014
    10          0.017    0.022   -0.005
    11          0.008    0.017   -0.008

  === K CONDITIONAL ON LENGTH ===
    outs           n  E[K] mod  E[K] act   sd mod   sd act   sd gap     se
    0-8           51      2.22      1.73     1.40     1.28    +0.11   0.13
    9-11          74      3.37      3.05     1.58     1.60    -0.02   0.13
    12-14        155      4.16      3.96     1.85     1.77    +0.08   0.10
    15-17        346      4.87      4.82     2.03     2.25    -0.22   0.09
    18-20        320      5.60      5.40     2.21     2.35    -0.14   0.09
    21-27        128      6.21      6.84     2.38     2.68    -0.30   0.17
