  holdout 2026-07-01+, 564 games / ~1128 starts, 40 sims each, leash ON, sigma 0.0
  POWER (actual side is binding, n~1128):
    boundary share  se 0.0140  -> resolves 0.042 at 3 sigma
    mean outs       se 0.121  -> resolves 0.36 at 3 sigma
    mean K          se 0.074  -> resolves 0.22 at 3 sigma

  === OUTS   n=1128 starts, 40 sims each ===
                          model   actual      gap
    mean                  15.85    15.80    +0.05
    sd                     4.08     4.03    +0.05
    boundary share        0.616    0.674    -0.06
    CRPS                 2.1085

    line        model   actual      gap      se
    o12.5       0.813    0.810   +0.003   0.012
    o14.5       0.713    0.740   -0.027   0.013
    o15.5       0.549    0.541   +0.008   0.015
    o16.5       0.496    0.482   +0.014   0.015
    o17.5       0.424    0.415   +0.010   0.015
    o18.5       0.200    0.171   +0.029   0.011
    o20.5       0.135    0.117   +0.018   0.010

    value       model   actual      gap
    9           0.020    0.030   -0.010  <- boundary
    10          0.017    0.016   +0.001
    11          0.029    0.022   +0.007
    12          0.065    0.073   -0.008  <- boundary
    13          0.038    0.034   +0.005
    14          0.062    0.036   +0.025
    15          0.164    0.199   -0.035  <- boundary
    16          0.052    0.059   -0.006
    17          0.072    0.067   +0.004
    18          0.225    0.244   -0.019  <- boundary
    19          0.030    0.029   +0.000
    20          0.035    0.025   +0.010
    21          0.108    0.089   +0.019  <- boundary
    22          0.005    0.004   +0.001

  === K   n=1128 starts, 40 sims each ===
                          model   actual      gap
    mean                   4.83     4.83    +0.01
    sd                     2.40     2.49    -0.09
    CRPS                 1.3348

    line        model   actual      gap      se
    o3.5        0.689    0.674   +0.015   0.014
    o4.5        0.528    0.512   +0.016   0.015
    o5.5        0.369    0.362   +0.008   0.014
    o6.5        0.235    0.233   +0.001   0.013
    o7.5        0.138    0.138   -0.000   0.010
    o8.5        0.072    0.094   -0.021   0.009
    o9.5        0.035    0.047   -0.012   0.006
    o10.5       0.015    0.022   -0.007   0.004

    value       model   actual      gap
    1           0.051    0.053   -0.002
    2           0.097    0.101   -0.004
    3           0.143    0.153   -0.010
    4           0.161    0.161   -0.001
    5           0.159    0.151   +0.008
    6           0.135    0.129   +0.006
    7           0.097    0.095   +0.002
    8           0.065    0.044   +0.021
    9           0.037    0.047   -0.010
    10          0.020    0.025   -0.005
    11          0.009    0.016   -0.007

  === K CONDITIONAL ON LENGTH ===
    outs           n  E[K] mod  E[K] act   sd mod   sd act   sd gap     se
    0-8           55      1.70      1.75     1.34     1.25    +0.09   0.12
    9-11          77      3.24      3.03     1.62     1.59    +0.03   0.13
    12-14        161      4.12      3.98     1.91     1.79    +0.12   0.10
    15-17        367      4.92      4.78     2.14     2.24    -0.10   0.08
    18-20        336      5.59      5.43     2.33     2.35    -0.01   0.09
    21-27        132      5.99      6.83     2.47     2.68    -0.21   0.16
