  holdout 2026-07-01+, 537 games / ~1074 starts, 40 sims each, leash ON, sigma 0.0
  POWER (actual side is binding, n~1074):
    boundary share  se 0.0143  -> resolves 0.043 at 3 sigma
    mean outs       se 0.124  -> resolves 0.37 at 3 sigma
    mean K          se 0.076  -> resolves 0.23 at 3 sigma

  === OUTS   n=1074 starts, 40 sims each ===
                          model   actual      gap
    mean                  15.98    15.82    +0.15
    sd                     4.02     4.04    -0.02
    boundary share        0.596    0.669    -0.07
    CRPS                 2.0818

    line        model   actual      gap      se
    o12.5       0.790    0.811   -0.021   0.012
    o14.5       0.690    0.739   -0.049   0.013
    o15.5       0.523    0.546   -0.023   0.015
    o16.5       0.474    0.486   -0.012   0.015
    o17.5       0.411    0.417   -0.006   0.015
    o18.5       0.230    0.173   +0.056   0.012
    o20.5       0.156    0.119   +0.037   0.010

    value       model   actual      gap
    9           0.026    0.030   -0.004  <- boundary
    10          0.021    0.016   +0.005
    11          0.037    0.023   +0.014
    12          0.086    0.073   +0.014  <- boundary
    13          0.040    0.035   +0.005
    14          0.060    0.036   +0.024
    15          0.168    0.194   -0.026  <- boundary
    16          0.049    0.060   -0.011
    17          0.063    0.069   -0.006
    18          0.181    0.244   -0.063  <- boundary
    19          0.034    0.030   +0.005
    20          0.039    0.024   +0.015
    21          0.102    0.090   +0.011  <- boundary
    22          0.013    0.005   +0.008

  === K   n=1074 starts, 40 sims each ===
                          model   actual      gap
    mean                   4.86     4.84    +0.02
    sd                     2.22     2.49    -0.27
    CRPS                 1.3420

    line        model   actual      gap      se
    o3.5        0.713    0.676   +0.037   0.014
    o4.5        0.540    0.515   +0.025   0.015
    o5.5        0.368    0.364   +0.004   0.015
    o6.5        0.224    0.235   -0.011   0.013
    o7.5        0.121    0.138   -0.017   0.011
    o8.5        0.059    0.095   -0.036   0.009
    o9.5        0.026    0.046   -0.020   0.006
    o10.5       0.010    0.023   -0.013   0.005

    value       model   actual      gap
    1           0.040    0.051   -0.011
    2           0.091    0.101   -0.010
    3           0.146    0.152   -0.006
    4           0.173    0.161   +0.012
    5           0.172    0.151   +0.021
    6           0.144    0.129   +0.014
    7           0.103    0.097   +0.006
    8           0.062    0.043   +0.020
    9           0.033    0.049   -0.016
    10          0.016    0.022   -0.007
    11          0.007    0.017   -0.010

  === K CONDITIONAL ON LENGTH ===
    outs           n  E[K] mod  E[K] act   sd mod   sd act   sd gap     se
    0-8           51      2.32      1.73     1.42     1.28    +0.13   0.13
    9-11          74      3.37      3.05     1.57     1.60    -0.03   0.13
    12-14        155      4.17      3.96     1.83     1.77    +0.05   0.10
    15-17        346      4.88      4.82     2.02     2.25    -0.23   0.09
    18-20        320      5.50      5.40     2.15     2.35    -0.20   0.09
    21-27        128      6.07      6.84     2.32     2.68    -0.36   0.17
