  holdout 2026-07-01+, 564 games / ~1128 starts, 40 sims each, leash ON, sigma 0.0
  POWER (actual side is binding, n~1128):
    boundary share  se 0.0140  -> resolves 0.042 at 3 sigma
    mean outs       se 0.121  -> resolves 0.36 at 3 sigma
    mean K          se 0.074  -> resolves 0.22 at 3 sigma

  === OUTS   n=1128 starts, 40 sims each ===
                          model   actual      gap
    mean                  15.97    15.80    +0.17
    sd                     4.17     4.03    +0.13
    boundary share        0.615    0.674    -0.06
    CRPS                 2.1123

    line        model   actual      gap      se
    o12.5       0.814    0.810   +0.004   0.012
    o14.5       0.716    0.740   -0.024   0.013
    o15.5       0.558    0.541   +0.017   0.015
    o16.5       0.507    0.482   +0.025   0.015
    o17.5       0.438    0.415   +0.023   0.015
    o18.5       0.221    0.171   +0.050   0.011
    o20.5       0.152    0.117   +0.035   0.010

    value       model   actual      gap
    9           0.020    0.030   -0.010  <- boundary
    10          0.017    0.016   +0.001
    11          0.029    0.022   +0.007
    12          0.064    0.073   -0.009  <- boundary
    13          0.038    0.034   +0.004
    14          0.060    0.036   +0.024
    15          0.159    0.199   -0.041  <- boundary
    16          0.051    0.059   -0.008
    17          0.069    0.067   +0.002
    18          0.217    0.244   -0.027  <- boundary
    19          0.032    0.029   +0.003
    20          0.038    0.025   +0.013
    21          0.116    0.089   +0.027  <- boundary
    22          0.007    0.004   +0.002

  === K   n=1128 starts, 40 sims each ===
                          model   actual      gap
    mean                   4.87     4.83    +0.04
    sd                     2.42     2.49    -0.06
    CRPS                 1.3350

    line        model   actual      gap      se
    o3.5        0.692    0.674   +0.018   0.014
    o4.5        0.533    0.512   +0.020   0.015
    o5.5        0.375    0.362   +0.013   0.014
    o6.5        0.240    0.233   +0.007   0.013
    o7.5        0.143    0.138   +0.005   0.010
    o8.5        0.076    0.094   -0.018   0.009
    o9.5        0.037    0.047   -0.010   0.006
    o10.5       0.017    0.022   -0.006   0.004

    value       model   actual      gap
    1           0.051    0.053   -0.002
    2           0.096    0.101   -0.005
    3           0.142    0.153   -0.011
    4           0.159    0.161   -0.002
    5           0.158    0.151   +0.007
    6           0.135    0.129   +0.006
    7           0.097    0.095   +0.002
    8           0.067    0.044   +0.023
    9           0.038    0.047   -0.009
    10          0.021    0.025   -0.004
    11          0.010    0.016   -0.006

  === K CONDITIONAL ON LENGTH ===
    outs           n  E[K] mod  E[K] act   sd mod   sd act   sd gap     se
    0-8           55      1.70      1.75     1.34     1.25    +0.09   0.12
    9-11          77      3.23      3.03     1.62     1.59    +0.03   0.13
    12-14        161      4.11      3.98     1.91     1.79    +0.12   0.10
    15-17        367      4.91      4.78     2.14     2.24    -0.10   0.08
    18-20        336      5.61      5.43     2.34     2.35    -0.01   0.09
    21-27        132      6.08      6.83     2.51     2.68    -0.17   0.16
