  holdout 2026-07-01+, 537 games / ~1074 starts, 40 sims each, leash ON, sigma 0.05
  POWER (actual side is binding, n~1074):
    boundary share  se 0.0143  -> resolves 0.043 at 3 sigma
    mean outs       se 0.124  -> resolves 0.37 at 3 sigma
    mean K          se 0.076  -> resolves 0.23 at 3 sigma

  === OUTS   n=1074 starts, 40 sims each ===
                          model   actual      gap
    mean                  15.99    15.82    +0.17
    sd                     4.03     4.04    -0.01
    boundary share        0.596    0.669    -0.07
    CRPS                 2.0738

    line        model   actual      gap      se
    o12.5       0.791    0.811   -0.020   0.012
    o14.5       0.690    0.739   -0.049   0.013
    o15.5       0.524    0.546   -0.021   0.015
    o16.5       0.477    0.486   -0.009   0.015
    o17.5       0.414    0.417   -0.003   0.015
    o18.5       0.232    0.173   +0.058   0.012
    o20.5       0.158    0.119   +0.038   0.010

    value       model   actual      gap
    9           0.026    0.030   -0.004  <- boundary
    10          0.022    0.016   +0.006
    11          0.036    0.023   +0.012
    12          0.085    0.073   +0.013  <- boundary
    13          0.039    0.035   +0.004
    14          0.061    0.036   +0.025
    15          0.166    0.194   -0.028  <- boundary
    16          0.048    0.060   -0.012
    17          0.063    0.069   -0.006
    18          0.182    0.244   -0.062  <- boundary
    19          0.034    0.030   +0.004
    20          0.040    0.024   +0.016
    21          0.102    0.090   +0.012  <- boundary
    22          0.013    0.005   +0.008

  === K   n=1074 starts, 40 sims each ===
                          model   actual      gap
    mean                   4.89     4.84    +0.05
    sd                     2.24     2.49    -0.25
    CRPS                 1.3394

    line        model   actual      gap      se
    o3.5        0.716    0.676   +0.040   0.014
    o4.5        0.540    0.515   +0.025   0.015
    o5.5        0.369    0.364   +0.005   0.015
    o6.5        0.227    0.235   -0.008   0.013
    o7.5        0.126    0.138   -0.011   0.011
    o8.5        0.063    0.095   -0.032   0.009
    o9.5        0.028    0.046   -0.018   0.006
    o10.5       0.012    0.023   -0.012   0.005

    value       model   actual      gap
    1           0.040    0.051   -0.011
    2           0.092    0.101   -0.010
    3           0.143    0.152   -0.009
    4           0.176    0.161   +0.015
    5           0.171    0.151   +0.020
    6           0.143    0.129   +0.013
    7           0.101    0.097   +0.004
    8           0.063    0.043   +0.020
    9           0.035    0.049   -0.014
    10          0.016    0.022   -0.006
    11          0.008    0.017   -0.009

  === K CONDITIONAL ON LENGTH ===
    outs           n  E[K] mod  E[K] act   sd mod   sd act   sd gap     se
    0-8           51      2.27      1.73     1.41     1.28    +0.12   0.13
    9-11          74      3.42      3.05     1.59     1.60    -0.01   0.13
    12-14        155      4.16      3.96     1.82     1.77    +0.05   0.10
    15-17        346      4.88      4.82     2.02     2.25    -0.22   0.09
    18-20        320      5.53      5.40     2.19     2.35    -0.16   0.09
    21-27        128      6.14      6.84     2.34     2.68    -0.35   0.17
