  regular season only: 189,972 rows, 2,375 dropped from October on

  189,972 BOUNDARY decisions across 4 seasons

  season            n     pull      AUC
  2023         50,050   0.0667   0.8726
  2024         50,652   0.0658   0.8911
  2025         50,321   0.0658   0.9023
  2026         38,949   0.0656   0.8927
  pooled      189,972   0.0660   0.8886

  COEFFICIENTS, each season fitted alone (se in brackets)
  term                      2023                2024                2025                2026              pooled
  const           -7.6600 (0.0986)      -8.5094 (0.1131)      -8.9912 (0.1210)      -8.6288 (0.1318)      -8.3742 (0.0571)
  pitches         +0.0578 (0.0022)      +0.0733 (0.0024)      +0.0950 (0.0025)      +0.0922 (0.0028)      +0.0776 (0.0012)
  runs            +0.0733 (0.0175)      +0.0556 (0.0191)      +0.0698 (0.0188)      +0.0081 (0.0210)      +0.0550 (0.0095)
  br              +0.0992 (0.0129)      +0.0888 (0.0133)      +0.0234 (0.0135)      +0.0363 (0.0152)      +0.0645 (0.0068)
  inning          +0.1263 (0.0264)      +0.0797 (0.0269)      -0.0863 (0.0284)      -0.1108 (0.0312)      +0.0135 (0.0140)
  margin          +0.0090 (0.0082)      -0.0006 (0.0088)      -0.0033 (0.0088)      -0.0125 (0.0101)      -0.0007 (0.0045)

  2025 vs 2026, in standard errors of the difference
  term                    2025        2026        diff       z
  const                -8.9912     -8.6288     +0.3624   +2.03
  pitches              +0.0950     +0.0922     -0.0028   -0.74
  runs                 +0.0698     +0.0081     -0.0617   -2.19
  br                   +0.0234     +0.0363     +0.0129   +0.64
  inning               -0.0863     -0.1108     -0.0245   -0.58
  margin               -0.0033     -0.0125     -0.0092   -0.69
  max |z| 2.19, mean |z| 1.14

  AS THE SIMULATOR READS THEM
  parameter               2023      2024      2025      2026    pooled   shipped
  intercept            -4.9183   -5.0352   -4.4719   -4.2312   -4.6838   -4.2384
  pitch_center         47.4552   47.4068   47.5803   47.7025   47.5261   47.6812
  pitch_scale          17.3083   13.6456   10.5282   10.8476   12.8786   10.8972
  per_run               0.0733    0.0556    0.0698    0.0081    0.0550    0.0089
  per_baserunner        0.0992    0.0888    0.0234    0.0363    0.0645    0.0379
  per_inning            0.1263    0.0797   -0.0863   -0.1108    0.0135   -0.1087
  per_margin            0.0090   -0.0006   -0.0033   -0.0125   -0.0007    0.0000

  OUT OF SAMPLE — AUC of each season's curve on each season's rows
  fitted on         2023      2024      2025      2026   (columns are the rows scored)
  2023            0.8726    0.8915    0.9015    0.8916
  2024            0.8718    0.8911    0.9021    0.8925
  2025            0.8689    0.8889    0.9023    0.8928
  2026            0.8679    0.8882    0.9019    0.8927
  pooled          0.8708    0.8904    0.9024    0.8928

  and the same cells as log loss, which is sensitive to the LEVEL
  fitted on         2023      2024      2025      2026
  2023            0.1745    0.1652    0.1613    0.1650
  2024            0.1755    0.1643    0.1591    0.1634
  2025            0.1780    0.1652    0.1583    0.1629
  2026            0.1773    0.1651    0.1586    0.1626
  pooled          0.1756    0.1644    0.1589    0.1630

  OBSERVED HAZARD BY PITCH COUNT, counted per season
  corr(pitches, inning) in the pooled rows: 0.914
  bucket                  2023            2024            2025            2026
  0-60             0.01432,542     0.01132,852     0.00932,698     0.00925,117
  60-70            0.028 5,412     0.026 5,519     0.035 5,709     0.029 4,410
  70-80            0.067 4,839     0.080 5,217     0.087 5,125     0.073 3,978
  80-90            0.192 4,059     0.196 4,064     0.214 4,024     0.218 3,254
  90-100           0.453 2,448     0.496 2,438     0.508 2,242     0.503 1,801
  100-110          0.680   701     0.736   545     0.727   495     0.750   376
  110-999          0.735    49               -               -               -
