  collecting 9,962 games
    2,000/9,962 games, 19,821 rows
    4,000/9,962 games, 39,512 rows
    6,000/9,962 games, 58,818 rows
    8,000/9,962 games, 78,421 rows

  97,554 BOUNDARY decisions across 4 seasons

  season            n     pull      AUC
  2023         25,926   0.1191   0.8937
  2024         25,984   0.1173   0.9108
  2025         25,887   0.1165   0.9188
  2026         19,757   0.1169   0.9068
  pooled       97,554   0.1175   0.9068

  COEFFICIENTS, each season fitted alone (se in brackets)
  term                      2023                2024                2025                2026              pooled
  const           -7.9280 (0.1201)      -8.9334 (0.1402)      -9.5242 (0.1517)      -8.8657 (0.1601)      -8.7278 (0.0702)
  pitches         +0.0445 (0.0025)      +0.0618 (0.0028)      +0.0850 (0.0030)      +0.0793 (0.0033)      +0.0653 (0.0015)
  runs            +0.1200 (0.0210)      +0.1154 (0.0230)      +0.1456 (0.0228)      +0.0671 (0.0251)      +0.1147 (0.0114)
  br              +0.1297 (0.0151)      +0.1230 (0.0161)      +0.0478 (0.0162)      +0.0662 (0.0181)      +0.0950 (0.0081)
  inning          +0.4861 (0.0316)      +0.4342 (0.0329)      +0.2699 (0.0346)      +0.2299 (0.0378)      +0.3697 (0.0171)
  margin          +0.0093 (0.0099)      +0.0085 (0.0107)      +0.0079 (0.0108)      -0.0052 (0.0123)      +0.0059 (0.0054)

  2025 vs 2026, in standard errors of the difference
  term                    2025        2026        diff       z
  const                -9.5242     -8.8657     +0.6584   +2.99
  pitches              +0.0850     +0.0793     -0.0057   -1.27
  runs                 +0.1456     +0.0671     -0.0785   -2.31
  br                   +0.0478     +0.0662     +0.0184   +0.76
  inning               +0.2699     +0.2299     -0.0400   -0.78
  margin               +0.0079     -0.0052     -0.0131   -0.80
  max |z| 2.99, mean |z| 1.48

  AS THE SIMULATOR READS THEM
  parameter               2023      2024      2025      2026    pooled   shipped
  intercept            -5.7302   -5.8867   -5.3193   -4.9284   -5.4980   -4.2384
  pitch_center         49.3396   49.3162   49.4610   49.6651   49.4315   47.6812
  pitch_scale          22.4488   16.1868   11.7628   12.6140   15.3048   10.8972
  per_run               0.1200    0.1154    0.1456    0.0671    0.1147    0.0089
  per_baserunner        0.1297    0.1230    0.0478    0.0662    0.0950    0.0379
  per_inning            0.4861    0.4342    0.2699    0.2299    0.3697   -0.1087
  per_margin            0.0093    0.0085    0.0079   -0.0052    0.0059    0.0000

  OUT OF SAMPLE — AUC of each season's curve on each season's rows
  fitted on         2023      2024      2025      2026   (columns are the rows scored)
  2023            0.8937    0.9109    0.9172    0.9048
  2024            0.8930    0.9108    0.9183    0.9060
  2025            0.8907    0.9095    0.9188    0.9067
  2026            0.8902    0.9092    0.9185    0.9068
  pooled          0.8924    0.9106    0.9186    0.9065

  and the same cells as log loss, which is sensitive to the LEVEL
  fitted on         2023      2024      2025      2026
  2023            0.2299    0.2148    0.2095    0.2195
  2024            0.2316    0.2133    0.2061    0.2175
  2025            0.2357    0.2147    0.2048    0.2171
  2026            0.2337    0.2144    0.2055    0.2164
  pooled          0.2315    0.2135    0.2059    0.2170

  OBSERVED HAZARD BY PITCH COUNT, counted per season
  corr(pitches, inning) in the pooled rows: 0.914
  bucket                  2023            2024            2025            2026
  0-60             0.02516,388     0.01816,371     0.01416,365     0.01712,354
  60-70            0.046 2,872     0.043 2,926     0.060 2,980     0.051 2,296
  70-80            0.110 2,587     0.138 2,738     0.147 2,743     0.124 2,055
  80-90            0.336 2,184     0.345 2,145     0.371 2,125     0.362 1,769
  90-100           0.753 1,395     0.792 1,412     0.811 1,315     0.814 1,009
  100-110          0.970   465     0.976   380     0.962   340     0.985   266
  110-999          0.914    35               -               -               -
