
  192,347 BOUNDARY decisions across 4 seasons

  season            n     pull      AUC
  2023         51,019   0.0668   0.8721
  2024         51,345   0.0658   0.8898
  2025         51,034   0.0655   0.9013
  2026         38,949   0.0656   0.8927
  pooled      192,347   0.0659   0.8879

  COEFFICIENTS, each season fitted alone (se in brackets)
  term                      2023                2024                2025                2026              pooled
  const           -7.6350 (0.0973)      -8.4413 (0.1111)      -8.9337 (0.1193)      -8.6288 (0.1318)      -8.3352 (0.0564)
  pitches         +0.0581 (0.0022)      +0.0730 (0.0023)      +0.0949 (0.0025)      +0.0922 (0.0028)      +0.0776 (0.0012)
  runs            +0.0715 (0.0174)      +0.0556 (0.0190)      +0.0685 (0.0188)      +0.0081 (0.0210)      +0.0540 (0.0094)
  br              +0.0966 (0.0127)      +0.0866 (0.0133)      +0.0232 (0.0134)      +0.0363 (0.0152)      +0.0630 (0.0068)
  inning          +0.1213 (0.0261)      +0.0749 (0.0267)      -0.0958 (0.0282)      -0.1108 (0.0312)      +0.0087 (0.0139)
  margin          +0.0077 (0.0082)      -0.0013 (0.0088)      -0.0036 (0.0088)      -0.0125 (0.0101)      -0.0015 (0.0044)

  2025 vs 2026, in standard errors of the difference
  term                    2025        2026        diff       z
  const                -8.9337     -8.6288     +0.3049   +1.72
  pitches              +0.0949     +0.0922     -0.0027   -0.72
  runs                 +0.0685     +0.0081     -0.0604   -2.15
  br                   +0.0232     +0.0363     +0.0131   +0.65
  inning               -0.0958     -0.1108     -0.0150   -0.36
  margin               -0.0036     -0.0125     -0.0088   -0.66
  max |z| 2.15, mean |z| 1.04

  AS THE SIMULATOR READS THEM
  parameter               2023      2024      2025      2026    pooled   shipped
  intercept            -4.8805   -4.9858   -4.4225   -4.2312   -4.6482   -4.2384
  pitch_center         47.4046   47.3517   47.5366   47.7025   47.4858   47.6812
  pitch_scale          17.2098   13.7034   10.5376   10.8476   12.8794   10.8972
  per_run               0.0715    0.0556    0.0685    0.0081    0.0540    0.0089
  per_baserunner        0.0966    0.0866    0.0232    0.0363    0.0630    0.0379
  per_inning            0.1213    0.0749   -0.0958   -0.1108    0.0087   -0.1087
  per_margin            0.0077   -0.0013   -0.0036   -0.0125   -0.0015    0.0000

  OUT OF SAMPLE — AUC of each season's curve on each season's rows
  fitted on         2023      2024      2025      2026   (columns are the rows scored)
  2023            0.8721    0.8902    0.9006    0.8917
  2024            0.8712    0.8898    0.9012    0.8926
  2025            0.8684    0.8876    0.9013    0.8928
  2026            0.8676    0.8870    0.9010    0.8927
  pooled          0.8703    0.8891    0.9014    0.8928

  and the same cells as log loss, which is sensitive to the LEVEL
  fitted on         2023      2024      2025      2026
  2023            0.1748    0.1656    0.1612    0.1649
  2024            0.1757    0.1648    0.1592    0.1634
  2025            0.1781    0.1657    0.1584    0.1628
  2026            0.1775    0.1656    0.1586    0.1626
  pooled          0.1758    0.1649    0.1589    0.1630

  OBSERVED HAZARD BY PITCH COUNT, counted per season
  corr(pitches, inning) in the pooled rows: 0.914
  bucket                  2023            2024            2025            2026
  0-60             0.01433,208     0.01133,348     0.00933,201     0.00925,117
  60-70            0.028 5,523     0.026 5,603     0.035 5,783     0.029 4,410
  70-80            0.067 4,928     0.081 5,273     0.087 5,189     0.073 3,978
  80-90            0.193 4,121     0.197 4,104     0.214 4,066     0.218 3,254
  90-100           0.456 2,482     0.496 2,450     0.506 2,263     0.503 1,801
  100-110          0.679   708     0.732   549     0.722   503     0.750   376
  110-999          0.735    49               -               -               -
