  500 games, 13,080 paired plate appearances
  1000 games, 26,004 paired plate appearances
  1500 games, 39,279 paired plate appearances
  2000 games, 51,351 paired plate appearances
  2500 games, 62,235 paired plate appearances
  3000 games, 75,402 paired plate appearances
  3500 games, 88,770 paired plate appearances
  4000 games, 102,903 paired plate appearances
  4500 games, 116,055 paired plate appearances
  5000 games, 124,638 paired plate appearances
  5500 games, 138,282 paired plate appearances
  6000 games, 151,932 paired plate appearances
  6500 games, 166,281 paired plate appearances
  7000 games, 180,147 paired plate appearances
  7500 games, 188,883 paired plate appearances
  8000 games, 201,957 paired plate appearances
  8500 games, 215,850 paired plate appearances
  9000 games, 230,169 paired plate appearances
  9500 games, 244,350 paired plate appearances

9,962 games; batters faced at all three passes only
  pass          PA       K%      BB%      HR%    BABIP
  1         84,308   0.2344   0.0757   0.0310   0.2919
  2         84,308   0.2052   0.0749   0.0308   0.2851
  3         84,308   0.1966   0.0807   0.0351   0.2958

  MULTIPLIERS relative to the first pass — what the simulator needs
  pass        k_pct    bb_pct    hr_pct     babip
  1          1.0000    1.0000    1.0000    1.0000
  2          0.8756    0.9904    0.9950    0.9767
  3          0.8386    1.0671    1.1328    1.0132

  A starter who gets worse should show K% falling and HR% /
  BABIP rising. Flat multipliers mean the effect is not in
  this league's data and the whole removal branch stays inert.
