1624 games x 6 draws x 2 starters = 19,488 simulated starts per candidate, 6 workers
start loss 0.20626   (13.6s per candidate)
  sweep0 intercept=-4.0 -> 0.10255
  sweep0 per_run=0.45 -> 0.09826
  sweep0 pitch_scale=8.0 -> 0.04924
  sweep0 mid_intercept=-4.4 -> 0.02545
  sweep0 per_baserunner=0.2 -> 0.02146
  sweep1 per_run=0.3 -> 0.01726

best loss 0.01726   (280s total)
  pitch_center      80.0
  pitch_scale       8.0
  per_run           0.3
  per_inning        0.45
  intercept         -4.0
  mid_intercept     -4.4
  mid_per_run       0.45
  mid_per_runner    0.55
  mid_per_damage    0.25
  hard_pitch_cap    110
  per_baserunner    0.2
  team_offset       0.0
  per_margin        0.0
  mid_per_margin    0.0

  boundary share   actual 65.7%
