  HOLDOUT: rates trained before 2026-07-01, scored on starts from 2026-07-01
  ONLY pit:k_pct is scaled; every other constant stays shipped
  discrimination (corr of prediction with outcome), 2026 starts
  40 sims x 6 salts

  shrink x          k       bb       hr        h       er     outs
  1.00        +0.4181  +0.1461  +0.0336  +0.1894  +0.0164  +0.3163
  1.50        +0.4226  +0.1449  +0.0390  +0.1888  +0.0279  +0.3192
  2.30        +0.4316  +0.1440  +0.0423  +0.1996  +0.0349  +0.3199
  3.50        +0.4344  +0.1499  +0.0329  +0.1906  +0.0274  +0.3121
  5.00        +0.4308  +0.1412  +0.0319  +0.1868  +0.0237  +0.2940

  paired against the shipped constants (POSITIVE = better):
  shrink x              k           bb           hr            h           er         outs
  1.50      +0.0045(+4.5)-0.0012(-0.3)+0.0054(+0.7)-0.0006(-0.1)+0.0115(+1.5)+0.0029(+0.4)
  2.30      +0.0135(+9.5)-0.0021(-0.2)+0.0087(+0.7)+0.0102(+1.1)+0.0184(+1.5)+0.0036(+0.6)
  3.50      +0.0163(+4.3)+0.0038(+0.3)-0.0007(-0.0)+0.0012(+0.1)+0.0110(+0.6)-0.0042(-0.9)
  5.00      +0.0127(+4.3)-0.0049(-0.4)-0.0017(-0.2)-0.0026(-0.5)+0.0073(+0.5)-0.0223(-2.5)

  If LESS shrinkage (x0.25, x0.5) raises the correlation, the
  constants are too aggressive and the model is throwing away
  signal. If it lowers it, the compression is the price of
  shrinkage doing its job and the slope result is explained.
