June: 1464 settled contracts
July: 3134 settled contracts
August: 3164 settled contracts

== HEADROOM: how far does the market actually move? ==
    month         |close-open|       sd   trades    open   close
    June                0.0281   0.0417     40.9   0.445   0.450
    July                0.0316   0.0514     61.7   0.450   0.450
    August              0.0365   0.0619     70.5   0.447   0.456

== LIQUIDITY: where does the edge sit inside each month? ==
  June
    thin <10 (22%) n=329   corr +0.591  blend +31.8%  5c+ 122   dir 63.1%   +2.8c
    10-29 (41%)  n=603   corr +0.448  blend +17.0%  5c+ 280   dir 61.8%   +1.7c
    30-99 (26%)  n=386   corr +0.340  blend  +7.1%  5c+ 224   dir 54.9%   +1.5c
    100+ (10%)   n=146   corr +0.399  blend  +5.2%  5c+ 101   dir 56.4%   +1.5c
  July
    thin <10 (16%) n=504   corr +0.487  blend +22.3%  5c+ 178   dir 65.7%   +2.5c
    10-29 (34%)  n=1076  corr +0.346  blend +11.3%  5c+ 477   dir 61.2%   +2.2c
    30-99 (32%)  n=992   corr +0.243  blend  +4.7%  5c+ 541   dir 59.1%   +1.4c
    100+ (18%)   n=562   corr +0.288  blend  +5.5%  5c+ 371   dir 55.3%   +1.3c
  August
    thin <10 (8%) n=262   corr +0.718  blend +51.7%  5c+ 126   dir 80.2%   +4.1c
    10-29 (29%)  n=929   corr +0.638  blend +40.0%  5c+ 450   dir 75.3%   +4.1c
    30-99 (42%)  n=1325  corr +0.632  blend +36.7%  5c+ 660   dir 68.2%   +3.3c
    100+ (20%)   n=648   corr +0.479  blend +16.5%  5c+ 379   dir 59.4%   +2.1c

== POPULATION: does the gate admit different arms? ==
    month         pitchers  contracts/arm
    June               121           12.1
    July               150           20.9
    August             144           22.0

== the same arms, month over month ==
    101 pitchers priced in all three months
    June         n=1302  corr +0.409  blend +11.9%  5c+ 660   dir 57.3%   +1.7c
    July         n=2432  corr +0.357  blend  +9.8%  5c+ 1218  dir 60.2%   +1.9c
    August       n=2426  corr +0.560  blend +26.3%  5c+ 1205  dir 70.5%   +3.2c
