  2026-08-25: 15 games, 15 final
  12 fully modelled (both starters on record), 400 draws each

  AGAINST WHAT HAPPENED
  game         sim total  actual      z  sim F5  actF5  P(o8.5)
  KC@TOR            8.27       8  -0.06    4.70      3    0.422
  BAL@STL           9.13      14  +1.18    5.38     13    0.525
  PHI@SEA           8.70       5  -0.87    5.13      2    0.490
  CIN@SF            8.64       4  -1.07    4.87      3    0.492
  PIT@SD            7.60       1  -1.82    4.15      0    0.352
  BOS@MIA           8.09      10  +0.49    4.53      2    0.417
  CLE@LAA           7.37      14  +1.83    4.17     11    0.328
  TB@DET            8.64       5  -0.87    5.13      4    0.485
  TEX@CWS           7.88      18  +2.60    4.27     14    0.388
  LAD@ATL           7.88       7  -0.24    4.30      6    0.400
  MIN@ATH           8.29       6  -0.58    4.50      2    0.445
  CHC@AZ            8.57       9  +0.10    4.87      3    0.480

  full-game total: mean error +0.16 runs, RMSE 4.76, n=12
  F5 total:        mean error +0.58 runs, RMSE 4.59, n=12

  STARTERS — outs and strikeouts against what they did
  pitcher                 simOuts  act   simK  actK
  Seth Lugo                  18.2   15    3.7     5
  Max Scherzer               15.6   15    3.6     4
  Chris Bassitt              15.4   20    3.2     5
  Matthew Liberatore         16.4   12    6.0     7
  Aaron Nola                 15.9   18    5.3     7
  George Kirby               18.1   23    4.5     9
  Brady Singer               16.5   17    4.3     5
  Adrian Houser              16.6    5    4.5     2
  Paul Skenes                16.5   18    6.0     4
  Michael King               17.9   21    5.1     7
  Payton Tolle               17.4   16    5.5     7
  Tyler Phillips             15.8   14    4.3     7
  Gavin Williams             17.5    4    8.0     3
  Walbert Ureña              16.8   11    4.6     3
  Casey Legumina             16.8    7    4.2     2
  Jackson Jobe               16.4   13    3.9     4
  Jacob deGrom               17.1   11    7.3     2
  Anthony Kay                16.5   14    4.9     4
  Tyler Glasnow              17.0   15    7.1     7
  Bryce Elder                17.9   18    4.7     5
  Taj Bradley                17.3   20    5.8    11
  Gage Jump                  16.9   19    5.0     9
  Clay Holmes                17.5   21    3.8     5
  Brandon Pfaadt             17.9   20    4.7     3

  starter outs: mean error -1.63, RMSE 5.12, n=24
  starter K:    mean error +0.29, RMSE 2.60

  AGAINST KALSHI'S CLOSE
  series           line    ours   close   won   ourBr   mktBr
  f5 total          6.5   0.233   0.170 False   0.054   0.029
  f5 total          5.5   0.333   0.270 False   0.111   0.073
  f5 total          4.5   0.450   0.370 False   0.203   0.137
  f5 total          3.5   0.595   0.490 False   0.354   0.240
  f5 total          2.5   0.713   0.670 False   0.508   0.449
  f5 total          1.5   0.833   0.840  True   0.028   0.026
  f5 total          0.5   0.930   0.930  True   0.005   0.005
  f5 total          5.5   0.427   0.390  True   0.328   0.372
  f5 total          4.5   0.545   0.480  True   0.207   0.270
  f5 total          3.5   0.693   0.620  True   0.095   0.144
  f5 total          2.5   0.818   0.760  True   0.033   0.058
  f5 total          0.5   0.968   0.940  True   0.001   0.004
  f5 total          5.5   0.378   0.340 False   0.143   0.116
  f5 total          4.5   0.470   0.470 False   0.221   0.221
  f5 total          3.5   0.593   0.600 False   0.351   0.360
  f5 total          1.5   0.855   0.870  True   0.021   0.017
  f5 total          6.5   0.193   0.170 False   0.037   0.029
  f5 total          5.5   0.270   0.260 False   0.073   0.068
  f5 total          4.5   0.378   0.370 False   0.143   0.137
  f5 total          3.5   0.507   0.520 False   0.258   0.270
  f5 total          2.5   0.672   0.670 False   0.452   0.449
  f5 total          1.5   0.833   0.810 False   0.693   0.656
  f5 total          0.5   0.930   0.920 False   0.865   0.846
  f5 total          5.5   0.398   0.330 False   0.158   0.109
  f5 total          4.5   0.520   0.440 False   0.270   0.194
  f5 total          3.5   0.652   0.600 False   0.426   0.360
  f5 total          2.5   0.790   0.740 False   0.624   0.548
  f5 total          1.5   0.885   0.870  True   0.013   0.017
  f5 total          0.5   0.950   0.960  True   0.003   0.002
  f5 total          5.5   0.325   0.470 False   0.106   0.221
  f5 total          4.5   0.443   0.590 False   0.196   0.348
  f5 total          2.5   0.693   0.820 False   0.480   0.672
  f5 total          1.5   0.840   0.880  True   0.026   0.014
  f5 total          0.5   0.960   0.970  True   0.002   0.001
  f5 total          6.5   0.282   0.250 False   0.080   0.062
  f5 total          5.5   0.385   0.340 False   0.148   0.116
  f5 total          4.5   0.490   0.460 False   0.240   0.212
  f5 total          3.5   0.600   0.590 False   0.360   0.348
  f5 total          2.5   0.740   0.730  True   0.068   0.073
  f5 total          1.5   0.885   0.850  True   0.013   0.023
  f5 total          0.5   0.945   0.950  True   0.003   0.003
  f5 total          6.5   0.188   0.170  True   0.660   0.689
  f5 total          5.5   0.285   0.250  True   0.511   0.562
  f5 total          4.5   0.378   0.350  True   0.388   0.423
  f5 total          3.5   0.537   0.490  True   0.214   0.260
  f5 total          2.5   0.680   0.640  True   0.102   0.130
  f5 total          1.5   0.848   0.790  True   0.023   0.044
  f5 total          0.5   0.953   0.920  True   0.002   0.006
  f5 total          6.5   0.212   0.170  True   0.620   0.689
  f5 total          5.5   0.302   0.270  True   0.487   0.533
  f5 total          4.5   0.403   0.360  True   0.357   0.410
  f5 total          3.5   0.545   0.500  True   0.207   0.250
  f5 total          1.5   0.805   0.830  True   0.038   0.029
  f5 total          0.5   0.935   0.930  True   0.004   0.005
  f5 total          6.5   0.210   0.280 False   0.044   0.078
  f5 total          5.5   0.297   0.400  True   0.494   0.360
  f5 total          4.5   0.405   0.530  True   0.354   0.221
  f5 total          3.5   0.542   0.640  True   0.209   0.130
  f5 total          2.5   0.688   0.780  True   0.098   0.048
  f5 total          1.5   0.825   0.900  True   0.031   0.010
  f5 total          0.5   0.963   0.950  True   0.001   0.003
  f5 total          6.5   0.240   0.290 False   0.058   0.084
  f5 total          5.5   0.328   0.390 False   0.107   0.152
  f5 total          4.5   0.460   0.510 False   0.212   0.260
  f5 total          3.5   0.598   0.640 False   0.357   0.410
  f5 total          2.5   0.767   0.790  True   0.054   0.044
  f5 total          1.5   0.873   0.880  True   0.016   0.014
  f5 total          0.5   0.955   0.950  True   0.002   0.003
  f5 total          6.5   0.280   0.210 False   0.078   0.044
  f5 total          5.5   0.425   0.330 False   0.181   0.109
  f5 total          4.5   0.532   0.430 False   0.284   0.185
  f5 total          3.5   0.672   0.590  True   0.107   0.168
  f5 total          2.5   0.805   0.720  True   0.038   0.078
  f5 total          1.5   0.892   0.840  True   0.012   0.026
  f5 total          0.5   0.945   0.940  True   0.003   0.004
  game total        4.5   0.825   0.800  True   0.031   0.040
  game total        3.5   0.892   0.870  True   0.012   0.017
  game total        2.5   0.950   0.940  True   0.003   0.004
  game total        1.5   0.975   0.980  True   0.001   0.000
  game total       11.5   0.185   0.150 False   0.034   0.022
  game total       10.5   0.263   0.220 False   0.069   0.048
  game total        9.5   0.330   0.280  True   0.449   0.518
  game total        8.5   0.525   0.440  True   0.226   0.314
  game total        7.5   0.642   0.540  True   0.128   0.212
  game total        6.5   0.743   0.650  True   0.066   0.122
  game total        5.5   0.802   0.740  True   0.039   0.068
  game total        4.5   0.877   0.840  True   0.015   0.026
  game total        3.5   0.935   0.900  True   0.004   0.010
  game total       13.5   0.135   0.120  True   0.748   0.774
  game total       12.5   0.210   0.170  True   0.624   0.689
  game total       11.5   0.237   0.210  True   0.581   0.624
  game total       10.5   0.318   0.290  True   0.466   0.504
  game total        9.5   0.407   0.350  True   0.351   0.423
  game total        8.5   0.492   0.420 False   0.243   0.176
  game total        7.5   0.532   0.510 False   0.284   0.260
  game total        6.5   0.642   0.640 False   0.413   0.410
  game total        5.5   0.725   0.720 False   0.526   0.518
  game total        4.5   0.835   0.820 False   0.697   0.672
  game total        3.5   0.897   0.890  True   0.011   0.012
  game total        2.5   0.963   0.950  True   0.001   0.003
  game total       12.5   0.180   0.150 False   0.032   0.022
  game total       11.5   0.223   0.180 False   0.050   0.032
  game total       10.5   0.310   0.280 False   0.096   0.078
  game total        9.5   0.390   0.330 False   0.152   0.109
  game total        8.5   0.352   0.370 False   0.124   0.137
  game total        7.5   0.460   0.450 False   0.212   0.203
  game total        6.5   0.568   0.580 False   0.322   0.336
  game total        5.5   0.670   0.680 False   0.449   0.462
  game total        4.5   0.818   0.810 False   0.668   0.656
  game total        3.5   0.882   0.870 False   0.779   0.757
  game total        2.5   0.955   0.940 False   0.912   0.884
  game total       11.5   0.145   0.160 False   0.021   0.026
  game total       10.5   0.200   0.220 False   0.040   0.048
  game total        9.5   0.270   0.270 False   0.073   0.073
  game total        8.5   0.490   0.450 False   0.240   0.203
  game total        6.5   0.682   0.660 False   0.466   0.436
  game total        4.5   0.830   0.850  True   0.029   0.023
  game total        3.5   0.895   0.900  True   0.011   0.010
  game total        2.5   0.968   0.970  True   0.001   0.001
  game total        1.5   0.985   0.990  True   0.000   0.000
  game total       11.5   0.225   0.220 False   0.051   0.048
  game total       10.5   0.310   0.290 False   0.096   0.084
  game total        9.5   0.362   0.340 False   0.131   0.116
  game total        8.5   0.445   0.640 False   0.198   0.410
  game total        7.5   0.530   0.710 False   0.281   0.504
  game total        6.5   0.650   0.790 False   0.423   0.624
  game total        5.5   0.723   0.860  True   0.077   0.020
  game total        4.5   0.830   0.930  True   0.029   0.005
  game total        3.5   0.902   0.950  True   0.010   0.003
  game total       13.5   0.102   0.230 False   0.011   0.053
  game total       12.5   0.130   0.300 False   0.017   0.090
  game total       11.5   0.182   0.360 False   0.033   0.130
  game total       10.5   0.268   0.450 False   0.072   0.203
  game total        9.5   0.352   0.530 False   0.124   0.281
  game total        8.5   0.480   0.470  True   0.270   0.281
  game total        6.5   0.657   0.670  True   0.117   0.109
  game total        5.5   0.728   0.740  True   0.074   0.068
  game total        4.5   0.838   0.850  True   0.026   0.023
  game total        3.5   0.892   0.910  True   0.012   0.008
  game total        2.5   0.953   0.950  True   0.002   0.003
  game total       12.5   0.177   0.180 False   0.032   0.032
  game total       11.5   0.235   0.220 False   0.055   0.048
  game total       10.5   0.315   0.300 False   0.099   0.090
  game total        9.5   0.398   0.370 False   0.158   0.137
  game total        8.5   0.328   0.350  True   0.452   0.423
  game total        7.5   0.425   0.400  True   0.331   0.360
  game total        6.5   0.580   0.530  True   0.176   0.221
  game total        5.5   0.662   0.640  True   0.114   0.130
  game total        4.5   0.785   0.780  True   0.046   0.048
  game total        3.5   0.858   0.860  True   0.020   0.020
  game total        2.5   0.953   0.950  True   0.002   0.003
  game total        1.5   0.980   0.960  True   0.000   0.002
  game total       10.5   0.185   0.200  True   0.664   0.640
  game total        9.5   0.237   0.260  True   0.581   0.548
  game total        8.5   0.388   0.390  True   0.375   0.372
  game total        7.5   0.475   0.460  True   0.276   0.292
  game total        6.5   0.627   0.610  True   0.139   0.152
  game total        5.5   0.700   0.700  True   0.090   0.090
  game total        4.5   0.800   0.800  True   0.040   0.040
  game total        3.5   0.875   0.870  True   0.016   0.017
  game total        2.5   0.950   0.950  True   0.003   0.003
  game total       12.5   0.120   0.140  True   0.774   0.740
  game total       11.5   0.177   0.180  True   0.677   0.672
  game total       10.5   0.235   0.250  True   0.585   0.562
  game total        9.5   0.290   0.300  True   0.504   0.490
  game total        7.5   0.495   0.600 False   0.245   0.360
  game total        6.5   0.620   0.710  True   0.144   0.084
  game total        5.5   0.695   0.780  True   0.093   0.048
  game total        4.5   0.800   0.880  True   0.040   0.014
  game total        3.5   0.890   0.910  True   0.012   0.008
  game total        2.5   0.950   0.960  True   0.003   0.002
  game total       12.5   0.130   0.210 False   0.017   0.044
  game total       11.5   0.175   0.260 False   0.031   0.068
  game total       10.5   0.247   0.340 False   0.061   0.116
  game total        9.5   0.318   0.410 False   0.101   0.168
  game total        8.5   0.422   0.470 False   0.179   0.221
  game total        7.5   0.525   0.570  True   0.226   0.185
  game total        6.5   0.625   0.680  True   0.141   0.102
  game total        5.5   0.718   0.750  True   0.080   0.062
  game total        4.5   0.828   0.860  True   0.030   0.020
  game total        3.5   0.890   0.900  True   0.012   0.010
  game total        2.5   0.968   0.950  True   0.001   0.003
  game total       12.5   0.152   0.170 False   0.023   0.029
  game total       11.5   0.198   0.240 False   0.039   0.058
  game total       10.5   0.263   0.320 False   0.069   0.102
  game total        9.5   0.333   0.370 False   0.111   0.137
  game total        8.5   0.485   0.430 False   0.235   0.185
  game total        7.5   0.560   0.520 False   0.314   0.270
  game total        6.5   0.667   0.650 False   0.446   0.423
  game total        5.5   0.760   0.730 False   0.578   0.533
  game total        4.5   0.863   0.840  True   0.019   0.026
  game total        3.5   0.900   0.900  True   0.010   0.010
  game total        2.5   0.953   0.960  True   0.002   0.002
  game total       11.5   0.223   0.180 False   0.050   0.032
  game total       10.5   0.292   0.250 False   0.086   0.062
  game total        9.5   0.367   0.330 False   0.135   0.109

  196 settled contracts   our Brier 0.1900   market 0.1959
  ONE SLATE. This is a smoke test, not evidence — the sample
  is far too small to move any conclusion either way.
